
[1m[46m RUN [49m[22m [36mv3.2.4 [39m[90mC:/Users/aravi/Documents/AI_LLM/projects/exact-screenshot[39m

 [31mΓ¥»[39m src/tests/roadmap/authority_leak_regression.test.ts [2m([22m[2m31 tests[22m[2m | [22m[31m3 failed[39m[2m)[22m[32m 8[2mms[22m[39m
   [32mΓ£ô[39m Authority Scope Leak Regression Tests[2m > [22mTRUST-Only Tasks[2m > [22mlocate_trust has authorityScope=TRUST[32m 1[2mms[22m[39m
   [32mΓ£ô[39m Authority Scope Leak Regression Tests[2m > [22mTRUST-Only Tasks[2m > [22midentify_successor_trustee has authorityScope=TRUST[32m 0[2mms[22m[39m
   [32mΓ£ô[39m Authority Scope Leak Regression Tests[2m > [22mTRUST-Only Tasks[2m > [22msign_trustee_acceptance has authorityScope=TRUST[32m 0[2mms[22m[39m
   [32mΓ£ô[39m Authority Scope Leak Regression Tests[2m > [22mTRUST-Only Tasks[2m > [22mprepare_certification_of_trust has authorityScope=TRUST[32m 0[2mms[22m[39m
   [32mΓ£ô[39m Authority Scope Leak Regression Tests[2m > [22mTRUST-Only Tasks[2m > [22midentify_all_beneficiaries (trust version) has authorityScope=TRUST[32m 0[2mms[22m[39m
   [32mΓ£ô[39m Authority Scope Leak Regression Tests[2m > [22mTRUST-Only Tasks[2m > [22mwait_contest_period (trust contest period) has authorityScope=TRUST[32m 0[2mms[22m[39m
   [32mΓ£ô[39m Authority Scope Leak Regression Tests[2m > [22mTRUST-Only Tasks[2m > [22minventory_trust_assets has authorityScope=TRUST[32m 0[2mms[22m[39m
   [32mΓ£ô[39m Authority Scope Leak Regression Tests[2m > [22mTRUST-Only Tasks[2m > [22mverify_trust_titling has authorityScope=TRUST[32m 0[2mms[22m[39m
   [32mΓ£ô[39m Authority Scope Leak Regression Tests[2m > [22mTRUST-Only Tasks[2m > [22mtrust_creditor_assessment has authorityScope=TRUST[32m 0[2mms[22m[39m
   [32mΓ£ô[39m Authority Scope Leak Regression Tests[2m > [22mTRUST-Only Tasks[2m > [22mprepare_trust_accounting has authorityScope=TRUST[32m 0[2mms[22m[39m
   [32mΓ£ô[39m Authority Scope Leak Regression Tests[2m > [22mTRUST-Only Tasks[2m > [22mdistribute_assets_to_beneficiaries (trust version) has authorityScope=TRUST[32m 0[2mms[22m[39m
   [32mΓ£ô[39m Authority Scope Leak Regression Tests[2m > [22mTRUST-Only Tasks[2m > [22mobtain_beneficiary_receipts (trust version) has authorityScope=TRUST[32m 0[2mms[22m[39m
   [32mΓ£ô[39m Authority Scope Leak Regression Tests[2m > [22mTRUST-Only Tasks[2m > [22mcomplete_trust_administration has authorityScope=TRUST[32m 0[2mms[22m[39m
   [32mΓ£ô[39m Authority Scope Leak Regression Tests[2m > [22mPROBATE-Only Tasks[2m > [22mfile_probate_petition has authorityScope=PROBATE[32m 0[2mms[22m[39m
   [32mΓ£ô[39m Authority Scope Leak Regression Tests[2m > [22mPROBATE-Only Tasks[2m > [22mfile_administration_petition has authorityScope=PROBATE[32m 0[2mms[22m[39m
   [32mΓ£ô[39m Authority Scope Leak Regression Tests[2m > [22mPROBATE-Only Tasks[2m > [22mattend_probate_hearing has authorityScope=PROBATE[32m 0[2mms[22m[39m
   [32mΓ£ô[39m Authority Scope Leak Regression Tests[2m > [22mPROBATE-Only Tasks[2m > [22mattend_administration_hearing has authorityScope=PROBATE[32m 0[2mms[22m[39m
[31m   [31m├ù[31m Authority Scope Leak Regression Tests[2m > [22mPROBATE-Only Tasks[2m > [22mreceive_letters_testamentary has authorityScope=PROBATE[39m[32m 1[2mms[22m[39m
[31m     ΓåÆ expected undefined to be defined[39m
[31m   [31m├ù[31m Authority Scope Leak Regression Tests[2m > [22mPROBATE-Only Tasks[2m > [22mreceive_letters_administration has authorityScope=PROBATE[39m[32m 0[2mms[22m[39m
[31m     ΓåÆ expected undefined to be defined[39m
   [32mΓ£ô[39m Authority Scope Leak Regression Tests[2m > [22mPROBATE-Only Tasks[2m > [22mpublish_notice (probate creditor notice) has authorityScope=PROBATE[32m 0[2mms[22m[39m
   [32mΓ£ô[39m Authority Scope Leak Regression Tests[2m > [22mPROBATE-Only Tasks[2m > [22mfile_inventory has authorityScope=PROBATE[32m 0[2mms[22m[39m
   [32mΓ£ô[39m Authority Scope Leak Regression Tests[2m > [22mPROBATE-Only Tasks[2m > [22mprepare_notice_proposed_action has authorityScope=PROBATE[32m 0[2mms[22m[39m
   [32mΓ£ô[39m Authority Scope Leak Regression Tests[2m > [22mPROBATE-Only Tasks[2m > [22mpetition_confirm_sale has authorityScope=PROBATE[32m 0[2mms[22m[39m
   [32mΓ£ô[39m Authority Scope Leak Regression Tests[2m > [22mBOTH Tasks (shared infrastructure)[2m > [22mobtain_ein_probate / obtain_ein_trust has authorityScope=BOTH[32m 0[2mms[22m[39m
   [32mΓ£ô[39m Authority Scope Leak Regression Tests[2m > [22mBOTH Tasks (shared infrastructure)[2m > [22mpay_taxes has authorityScope=BOTH[32m 0[2mms[22m[39m
   [32mΓ£ô[39m Authority Scope Leak Regression Tests[2m > [22mBOTH Tasks (shared infrastructure)[2m > [22mfile_form_1041 has authorityScope=BOTH[32m 0[2mms[22m[39m
   [32mΓ£ô[39m Authority Scope Leak Regression Tests[2m > [22mBOTH Tasks (shared infrastructure)[2m > [22mdebt_priority_risk has authorityScope=BOTH[32m 0[2mms[22m[39m
   [32mΓ£ô[39m Authority Scope Leak Regression Tests[2m > [22mProbate Escalation Phase[2m > [22mPROBATE_ESCALATION_PHASE has tasks with authorityScope=PROBATE[32m 0[2mms[22m[39m
   [32mΓ£ô[39m Authority Scope Leak Regression Tests[2m > [22mAuthority Scope Coverage[2m > [22mall tasks have valid authorityScope values[32m 0[2mms[22m[39m
   [32mΓ£ô[39m Authority Scope Leak Regression Tests[2m > [22mAuthority Scope Coverage[2m > [22mtrust tasks should NOT have authorityScope=PROBATE[32m 0[2mms[22m[39m
[31m   [31m├ù[31m Authority Scope Leak Regression Tests[2m > [22mAuthority Scope Coverage[2m > [22mprobate tasks should NOT have authorityScope=TRUST[39m[32m 2[2mms[22m[39m
[31m     ΓåÆ expected [ 'issue_cert_trust' ] to deeply equal [][39m

ΓÄ»ΓÄ»ΓÄ»ΓÄ»ΓÄ»ΓÄ»ΓÄ» Failed Tests 3 ΓÄ»ΓÄ»ΓÄ»ΓÄ»ΓÄ»ΓÄ»ΓÄ»

 FAIL  src/tests/roadmap/authority_leak_regression.test.ts > Authority Scope Leak Regression Tests > PROBATE-Only Tasks > receive_letters_testamentary has authorityScope=PROBATE
AssertionError: expected undefined to be defined
 Γ¥» src/tests/roadmap/authority_leak_regression.test.ts:144:26
    142|         it("receive_letters_testamentary has authorityScope=PROBATE", ΓÇª
    143|             const task = tasks.find(t => t.id === "receive_letters_tesΓÇª
    144|             expect(task).toBeDefined();
       |                          ^
    145|             expect(task?.authorityScope).toBe("PROBATE");
    146|         });

ΓÄ»ΓÄ»ΓÄ»ΓÄ»ΓÄ»ΓÄ»ΓÄ»ΓÄ»ΓÄ»ΓÄ»ΓÄ»ΓÄ»ΓÄ»ΓÄ»ΓÄ»ΓÄ»ΓÄ»ΓÄ»ΓÄ»ΓÄ»ΓÄ»ΓÄ»ΓÄ»ΓÄ»[1/3]ΓÄ»

 FAIL  src/tests/roadmap/authority_leak_regression.test.ts > Authority Scope Leak Regression Tests > PROBATE-Only Tasks > receive_letters_administration has authorityScope=PROBATE
AssertionError: expected undefined to be defined
 Γ¥» src/tests/roadmap/authority_leak_regression.test.ts:150:26
    148|         it("receive_letters_administration has authorityScope=PROBATE"ΓÇª
    149|             const task = tasks.find(t => t.id === "receive_letters_admΓÇª
    150|             expect(task).toBeDefined();
       |                          ^
    151|             expect(task?.authorityScope).toBe("PROBATE");
    152|         });

ΓÄ»ΓÄ»ΓÄ»ΓÄ»ΓÄ»ΓÄ»ΓÄ»ΓÄ»ΓÄ»ΓÄ»ΓÄ»ΓÄ»ΓÄ»ΓÄ»ΓÄ»ΓÄ»ΓÄ»ΓÄ»ΓÄ»ΓÄ»ΓÄ»ΓÄ»ΓÄ»ΓÄ»[2/3]ΓÄ»

 FAIL  src/tests/roadmap/authority_leak_regression.test.ts > Authority Scope Leak Regression Tests > Authority Scope Coverage > probate tasks should NOT have authorityScope=TRUST
AssertionError: expected [ 'issue_cert_trust' ] to deeply equal []

- Expected
+ Received

- []
+ [
+   "issue_cert_trust",
+ ]

 Γ¥» src/tests/roadmap/authority_leak_regression.test.ts:235:60
    233|             const probateTasks = SETTLEMENT_PHASE_TASKS.flatMap(p => pΓÇª
    234|             const trustScopedProbateTasks = probateTasks.filter(t => tΓÇª
    235|             expect(trustScopedProbateTasks.map(t => t.id)).toEqual([]);
       |                                                            ^
    236|         });
    237|     });

ΓÄ»ΓÄ»ΓÄ»ΓÄ»ΓÄ»ΓÄ»ΓÄ»ΓÄ»ΓÄ»ΓÄ»ΓÄ»ΓÄ»ΓÄ»ΓÄ»ΓÄ»ΓÄ»ΓÄ»ΓÄ»ΓÄ»ΓÄ»ΓÄ»ΓÄ»ΓÄ»ΓÄ»[3/3]ΓÄ»


[2m Test Files [22m [1m[31m1 failed[39m[22m[90m (1)[39m
[2m      Tests [22m [1m[31m3 failed[39m[22m[2m | [22m[1m[32m28 passed[39m[22m[90m (31)[39m
[2m   Start at [22m 19:33:05
[2m   Duration [22m 1.32s[2m (transform 108ms, setup 252ms, collect 111ms, tests 8ms, environment 566ms, prepare 116ms)[22m

[1m[7m[35m HTML [39m[27m[22m [35mReport is generated[39m
[2m       You can run [22m[1mnpx vite preview --outDir test-results[22m[2m to see the test results.[22m
