
> vite_react_shadcn_ts@0.0.0 test
> vitest run src/tests/roadmap/nj_roadmap_compliance.test.ts --no-watch


[1m[46m RUN [49m[22m [36mv3.2.4 [39m[90mC:/Users/aravi/Documents/AI_LLM/projects/exact-screenshot[39m

 [31mΓ¥»[39m src/tests/roadmap/nj_roadmap_compliance.test.ts [2m([22m[2m11 tests[22m[2m | [22m[31m1 failed[39m[2m)[22m[32m 30[2mms[22m[39m
   [32mΓ£ô[39m NJ Roadmap Compliance - Structural Isolation[2m > [22mNO CA spousal property petition in NJ roadmap[32m 5[2mms[22m[39m
   [32mΓ£ô[39m NJ Roadmap Compliance - Structural Isolation[2m > [22mNO succession petition in NJ roadmap[32m 2[2mms[22m[39m
   [32mΓ£ô[39m NJ Roadmap Compliance - Structural Isolation[2m > [22mNO {{smallEstateTerm}} placeholder in NJ roadmap titles/descriptions[32m 2[2mms[22m[39m
   [32mΓ£ô[39m NJ Roadmap Compliance - Structural Isolation[2m > [22mNO generic monitor-state-specific placeholder[32m 2[2mms[22m[39m
   [32mΓ£ô[39m NJ Roadmap Compliance - Structural Isolation[2m > [22mNJ Elective Share task exists[32m 4[2mms[22m[39m
   [32mΓ£ô[39m NJ Roadmap Compliance - Structural Isolation[2m > [22mNJ Real Property Transfer task exists[32m 2[2mms[22m[39m
   [32mΓ£ô[39m NJ Roadmap Compliance - Structural Isolation[2m > [22mNJ Creditor period uses correct statutory logic[32m 2[2mms[22m[39m
[31m   [31m├ù[31m NJ Roadmap Compliance - Structural Isolation[2m > [22mNO generic 'varies by state' language in NJ roadmap[39m[32m 5[2mms[22m[39m
[31m     ΓåÆ expected '{"id":"preliminary_asset_scan","titleΓÇª' not to contain 'varies by state'[39m
   [32mΓ£ô[39m NJ Roadmap Compliance - Structural Isolation[2m > [22mSTRICT GATING: Probate track hides trust-only tasks[32m 2[2mms[22m[39m
   [32mΓ£ô[39m NJ Roadmap Compliance - Structural Isolation[2m > [22mSTRICT GATING: Trust track hides probate-only tasks[32m 1[2mms[22m[39m
   [32mΓ£ô[39m NJ Roadmap Compliance - Structural Isolation[2m > [22mContains all mandatory NJ primary statutes[32m 2[2mms[22m[39m

ΓÄ»ΓÄ»ΓÄ»ΓÄ»ΓÄ»ΓÄ»ΓÄ» Failed Tests 1 ΓÄ»ΓÄ»ΓÄ»ΓÄ»ΓÄ»ΓÄ»ΓÄ»

 FAIL  src/tests/roadmap/nj_roadmap_compliance.test.ts > NJ Roadmap Compliance - Structural Isolation > NO generic 'varies by state' language in NJ roadmap
AssertionError: expected '{"id":"preliminary_asset_scan","titleΓÇª' not to contain 'varies by state'

- Expected
+ Received

- varies by state
+ {"id":"preliminary_asset_scan","title":"Preliminary Asset & Liability Scan","description":"Identify known bank accounts, real estate, and major debts. This data is critical for estimating estate value on the petition and determining bond requirements.","estimatedTime":"2-4 hours","trackCompatibility":["PROBATE","TRUST","AFFIDAVIT"],"alerts":[{"type":"important","message":"Pre-Filing Requirement: Accurate estimates prevent petition amendments and delays in bond approval."}]} {"id":"secure_property","title":"Secure the Property","description":"Change locks, forward mail, and ensure the home is protected from theft or damage.","estimatedTime":"1-2 days","alerts":[{"type":"important","message":"Vacant homes are high-risk. Contact insurance to ensure coverage remains active."}]} {"id":"identify_minor_beneficiaries","title":"Identify Minor Beneficiaries","description":"Review all heirs and identify any beneficiaries under age 18. Minors require special court protection through a guardian ad litem.","estimatedTime":"30 minutes","trackCompatibility":["PROBATE"],"isOptional":true,"alerts":[{"type":"important","message":"Estates with minor beneficiaries require additional court oversight and blocked accounts."}]} {"id":"check_primary_residence_succession","title":"Evaluate Primary Residence Succession","description":"If the estate consists primarily of a primary residence valued under the state's simplified threshold, you may qualify for a simplified succession process.","utility":"Shortcut: Simplified path for qualifying primary residences.","estimatedTime":"1 hour","exclusiveGroup":"filing_path","trackCompatibility":["PROBATE"],"isOptional":true,"helpArticleId":"primary-residence-succession","alerts":[{"type":"important","message":"This procedure is limited to primary residences. Other assets require different pathways."}]} {"id":"secure_property_2","title":"Initial Property Protection","description":"Ensure the decedent's residence is secured, mail is forwarded, and assets are protected from loss or damage.","estimatedTime":"1-2 days","alerts":[{"type":"important","message":"Vacant homes are high-risk for theft and insurance claims. Act immediately."}]} {"id":"notify_ssa","title":"Notify Social Security Administration","description":"Report the death to stop benefit payments and prevent overpayment recovery.","estimatedTime":"30 minutes","requiredDocs":["Death Certificate"],"alerts":[{"type":"warning","message":"SSA may claw back payments made after death. Notify within 1 week."}],"links":[{"label":"Report Death to SSA","url":"https://www.ssa.gov/benefits/survivors/ifyou.html"}]} {"id":"cancel_cards","title":"Cancel Credit Cards & Subscriptions","description":"Stop recurring charges and prevent identity theft by closing accounts.","estimatedTime":"2-3 hours","alerts":[{"type":"warning","message":"Fiduciary Caution: While recurring charges should stop, avoid paying off large unsecured credit card balances from estate funds until the statutory creditor claim period has expired and solvency is confirmed."}]} {"id":"manage_utilities","title":"Manage Utilities","description":"Review decedent's utility accounts (electricity, water, gas).","alerts":[{"type":"caution","message":"Keep one utility account open for estate expenses (electricity, water)."}]} {"id":"genealogical_search","title":"Conduct Genealogical Search","description":"If heirs are unknown or missing, you must perform a formal search to identify all legal beneficiaries. This is required for your final distribution decree.","estimatedTime":"4-8 weeks","isOptional":true,"category":"probate","tags":["fiduciary","risk-guardrail"],"applicability":{"authorityTypes":["INTESTATE","FORMAL_PROBATE","INFORMAL_PROBATE"]},"alerts":[{"type":"important","message":"Failing to locate all heirs can lead to personal liability and gridlock during distribution."}]} {"id":"locate_will","title":"Locate Will and Important Documents","description":"Find the original Will, trust documents, insurance policies, and account statements.","estimatedTime":"1-2 days","isOptional":true,"alerts":[{"type":"info","message":"Check safe deposit boxes, home safes, attorney offices, and online storage."}]} {"id":"open_estate_account","title":"Establish Estate Financial Account","description":"Open a separate fiduciary account for estate income and expenses once legal authority is obtained.","estimatedTime":"1 hour","requiresAuthority":true,"requiredDocs":["Death Certificate","Letters of Authority","EIN"],"alerts":[{"type":"important","message":"Fiduciary Duty: Estate funds must never be commingled with personal funds."}]} {"id":"pay_immediate_bills","title":"Managed Payment of Immediate Bills","description":"Prioritize current utilities, mortgage, and insurance to protect the value of estate assets.","estimatedTime":"Ongoing","alerts":[{"type":"warning","message":"Fiduciary Caution: While recurring charges should stop, avoid paying off large unsecured credit card balances from estate funds until the statutory creditor claim period has expired and solvency is confirmed."},{"type":"warning","message":"Only use estate-related funds for these payments and maintain meticulous records for the final accounting."}]} {"id":"obtain_ein_probate","title":"Obtain EIN for the Estate","description":"Apply for an Employer Identification Number from the IRS. This unique ID is required to open an estate bank account and for all tax filings.","estimatedTime":"30 minutes","tags":["tax","statutory"],"requiredDocs":["IRS Form SS-4"],"trackCompatibility":["PROBATE"],"alerts":[{"type":"important","message":"Critical Infrastructure: You cannot open a fiduciary bank account without an EIN. Apply online for immediate issuance."}],"links":[{"label":"Apply for EIN Online (IRS)","url":"https://www.irs.gov/businesses/small-businesses-self-employed/apply-for-an-employer-identification-number-ein-online"}]} {"id":"file_irs_form_56_probate","title":"File IRS Form 56 (Notice of Fiduciary)","description":"Formally notify the IRS that you have taken on the role of Executor/Administrator. This ensures that all tax correspondence regarding the decedent is sent to you.","estimatedTime":"1 hour","tags":["tax","fiduciary"],"requiredDocs":["IRS Form 56","Certified Letters of Authority"],"trackCompatibility":["PROBATE"],"alerts":[{"type":"info","message":"Compliance Tip: This protects you from missing critical IRS deadlines by routing notices to your address."}],"links":[{"label":"Download IRS Form 56","url":"https://www.irs.gov/pub/irs-pdf/f56.pdf"}]} {"id":"validate_venue_jurisdiction","title":"Validate Venue and Jurisdiction","description":"Confirm the decedent's legal domicile and county residency to ensure the petition is filed in the legally appropriate court.","utility":"Prevents immediate case dismissal due to improper venue.","estimatedTime":"30 minutes","category":"probate","requiredProfileFields":["decedent_domicile","county","death_date","property_location"],"outputs":["Verified Court of Jurisdiction"],"alerts":[{"type":"important","message":"Jurisdictional Error Risk: Filing in the wrong county or state can invalidate all subsequent legal actions."}],"stateOverrides":{"NY":{"title":"Validate Surrogate's Court Venue (SCPA ┬º205)","description":"Verify the decedent's domicile in NY to ensure the petition is filed in the correct Surrogate's Court (SCPA ┬º205).","utility":"Prevents case dismissal based on lack of subject matter jurisdiction."}}} {"id":"screen_fiduciary_eligibility","title":"Screen Fiduciary Eligibility","description":"Verify that the proposed executor or administrator meets all state-specific legal requirements to serve.","estimatedTime":"30 minutes","category":"probate","requiredProfileFields":["fiduciary_residency","fiduciary_citizenship","felony_status","fiduciary_age"],"outputs":["Fiduciary Eligibility Certification","Counsel Recommendation Flag"],"alerts":[{"type":"caution","message":"Statutory Disqualification: Many states explicitly prohibit non-citizens, out-of-state residents, or individuals with certain criminal histories from serving."}],"stateOverrides":{"NY":{"title":"Screen Fiduciary Eligibility (SCPA ┬º707)","description":"NY law disqualifies certain individuals (felons, non-domiciliary aliens who aren't co-fiduciaries with a NY resident) from serving per SCPA ┬º707."}}} {"id":"validate_interested_parties","title":"Validate Interested Parties","description":"Identify all individuals legally entitled to notice or inheritance, including heirs-at-law, beneficiaries, and devisees.","estimatedTime":"2 hours","category":"probate","requiredProfileFields":["family_tree","marital_status","children","prior_marriages","adoptions"],"outputs":["Court-Ready Party List","Required Notice Matrix"],"alerts":[{"type":"warning","message":"Failure to name and notify every legally interested party, even estranged ones, can stall the proceedings or invite later litigation."}],"stateOverrides":{"NY":{"title":"Validate Distributees & Interested Parties (SCPA ┬º1003/┬º1403)","description":"Identify all 'distributees' (heirs-at-law) per EPTL ┬º4-1.1 and beneficiaries. NY requires a family tree affidavit if there is only one distributee or if they are more remote than first cousins.","links":[{"label":"About Family Tree Requirements","url":"#"}]}}} {"id":"compile_will_and_proof","title":"Compile Will and Testamentary Proofs","description":"Gather the original valid will, codicils, and secure witness affidavits or self-proving attestations.","estimatedTime":"1-2 weeks","category":"probate","applicability":{"variants":["TESTATE"]},"outputs":["Original Will","Witness Affidavits/Proofs"],"alerts":[{"type":"info","message":"If witnesses are deceased or unlocatable, specialized 'dispense with testimony' procedures will be required."}],"stateOverrides":{"NY":{"title":"Compile Will & Probate Proofs (SCPA ┬º1404)","description":"Gather the original Will. Secure 'Affidavits of Attesting Witnesses' (Form P-3) to avoid mandatory 1404 hearings."}}} {"id":"identify_protected_persons_and_representation","title":"Identify Protected Persons representation","description":"Screen the interested party list for minors, incapacitated adults, or unknown heirs that require a court-appointed Guardian ad Litem (GAL).","estimatedTime":"1 hour","category":"probate","applicability":{"predicatesAny":["hasMinorBeneficiaries","hasUnknownHeirs"]},"outputs":["GAL Requirement Assessment"],"alerts":[{"type":"important","message":"Courts strictly require GAL representation to protect the interests of those who cannot represent themselves."}]} {"id":"prepare_required_notices_and_waivers","title":"Prepare Required Notices and Waivers","description":"Generate the formal notice plan to serve interested parties, or gather Signed Waivers and Consents to expedite the process.","estimatedTime":"1-3 weeks","category":"probate","outputs":["Notice Plan Checklist","Compiled Waivers"],"stateOverrides":{"NY":{"title":"Prepare Waivers & Consents (SCPA ┬º401)","description":"Gather signed 'Waiver and Consent' forms from all distributees to bypass the issuance of a formal Citation and a court appearance date.","formNames":["Waiver & Consent (A-2 or P-3)"],"alerts":[{"type":"important","message":"Each waiver must be notarized. The court will not accept photocopies of signatures."}]}}} {"id":"request_temporary_authority","title":"Evaluate Need for Temporary Authority","description":"Determine if preliminary letters or special administration is necessary to protect assets or run a business while formal probate is pending.","estimatedTime":"1 hour","category":"probate","outputs":["Temporary Authority Assessment"],"alerts":[{"type":"info","message":"Temporary authority is rarely granted for mere convenience; it is strictly intended for asset protection during delays."}]} {"id":"calculate_filing_fees","title":"Calculate Court Filing Fees","description":"Determine the exact statutory filing fee based on the estimated gross value of the probate estate.","estimatedTime":"15 minutes","category":"probate","outputs":["Filing Fee Estimate"],"alerts":[{"type":"info","message":"State courts charge tiered filing fees. Accuracy in the preliminary asset scan is important here."}],"stateOverrides":{"NY":{"title":"Evaluate NY Surrogate Fee Schedule (SCPA ┬º2402)","description":"NY filing fees scale from $45 to $1,250 based on the value of the probate estate assets per SCPA ┬º2402.","sourceUrl":"https://ww2.nycourts.gov/courts/11jd/surrogates/fees.shtml"}}} {"id":"compile_required_form_pack","title":"Compile Required Court Form Packet","description":"Synthesize the official local forms and procedural filing notes required by your specific court into a ready-to-file package.","estimatedTime":"1-2 hours","category":"probate","outputs":["Required Form Pack List","Filing Procedure Notes"],"alerts":[{"type":"info","message":"Court clerks will reject filings if mandatory local forms are missing. Double check the official packet."}],"stateOverrides":{"NY":{"title":"Assemble NY Probate/Admin Packet","description":"Combine the Petition (P-1 or A-1), Original Will (if any), Death Certificate, and Waivers into the Surrogate's Court packet.","officialForms":[{"name":"Probate Petition (P-1)","url":"https://www.nycourts.gov/LegacyPDFS/FORMS/surrogates/pdfs/Probate_Petition.pdf"},{"name":"Administration Petition (A-1)","url":"https://www.nycourts.gov/LegacyPDFS/FORMS/surrogates/pdfs/Admin_Petition.pdf"}],"primaryActionLabel":"Download Forms Packet"}}} {"id":"petition_guardian_ad_litem","title":"File Petition for Guardian Ad Litem","description":"Request court appointment of a guardian ad litem to represent minor beneficiaries' interests throughout probate.","estimatedTime":"2-4 hours","category":"probate","isConditional":true,"isOptional":true,"conditionalRequirementLabel":"Required if minors have interests","requiredDocs":["Petition Form","Death Certificate"],"dependencies":["file_probate_petition","file_administration_petition"],"links":[{"label":"About Guardian Ad Litem Representation","url":"#"}],"alerts":[{"type":"important","message":"Guardian ad litem must approve all actions affecting minors' inheritance."}]} {"id":"obtain_guardian_order","title":"Obtain Guardian Ad Litem Order","description":"Receive court order appointing guardian ad litem. Provide guardian with all estate information.","estimatedTime":"2-3 weeks","category":"court-issued","isOptional":true,"requiredDocs":["Court Order"],"dependencies":["petition_guardian_ad_litem"],"links":[{"label":"About Guardian Appointment Orders","url":"#"}],"alerts":[{"type":"info","message":"Guardian ad litem fees are paid by the estate, typically $150-300/hour."}]} {"id":"file_nj_surrogate_probate","title":"File Probate Application with County Surrogate (NJ)","description":"Submit the probate application to the County Surrogate's Court. NJ probate is handled by the Surrogate in each county for uncontested matters.","estimatedTime":"2-4 hours","category":"probate","trackCompatibility":["PROBATE"],"applicability":{"states":["NJ"],"variants":["TESTATE"]},"requiredDocs":["Original Will","Death Certificate","Probate Application","Executor Affidavit"],"alerts":[{"type":"info","message":"NJ Surrogate's Court probate is typically uncontested. If contested, the matter transfers to Superior Court, Chancery Division, Probate Part."}],"links":[{"label":"NJ Judiciary Probate Information","url":"https://www.njcourts.gov/self-help/probate"}],"formNames":["Probate Application","Executor's Affidavit","Certificate of Compliances"]} {"id":"file_nj_administration","title":"File Application for Administration (NJ)","description":"Submit the administration application to the County Surrogate's Court for intestate estates. Bond is typically required unless waived by all heirs.","estimatedTime":"2-4 hours","category":"probate","trackCompatibility":["PROBATE"],"applicability":{"states":["NJ"],"variants":["INTESTATE"]},"requiredDocs":["Death Certificate","Administration Application","Bond or Waiver","Next of Kin Affidavit"],"alerts":[{"type":"important","message":"NJ requires bond for administrators unless all heirs sign written consent to waive. Bond amount typically equals the estate value."}],"links":[{"label":"NJ Surrogate's Court Forms","url":"https://www.njcourts.gov/forms/surrogates"}],"formNames":["Administration Application","Administrator's Bond","Consent to Serve"]} {"id":"file_nj_small_estate_affidavit","title":"File Small Estate Affidavit (NJ)","description":"For NJ estates under $20,000 (or $50,000 if surviving spouse is sole heir), file a Small Estate Affidavit to collect assets without formal probate.","estimatedTime":"1-2 hours","category":"probate","trackCompatibility":["PROBATE","AFFIDAVIT"],"applicability":{"states":["NJ"]},"isConditional":true,"conditionalRequirementLabel":"Available if estate value Γëñ $20,000 (or $50,000 if spouse is sole heir)","requiredDocs":["Death Certificate","Small Estate Affidavit Form","Asset Information"],"alerts":[{"type":"info","message":"N.J.S.A. ┬º 3B:10-3 ΓÇö Small estate affidavit is available 30 days after death. No real property allowed."},{"type":"important","message":"Threshold is $20,000 general or $50,000 if surviving spouse is the sole heir."}],"links":[{"label":"NJ Small Estate Information","url":"https://www.njcourts.gov/self-help/small-estate"}],"formNames":["Small Estate Affidavit"]} {"id":"nj_bond_calculation","title":"Calculate NJ Bond Amount (Pre-Filing Estimate)","description":"Estimate the NJ bond amount before filing using the preliminary asset scan. NJ calculates bond on PERSONAL PROPERTY only (not real estate): Bond = Personal Property Value + Estimated Annual Estate Income. This estimate is provided to the Surrogate at filing and can be updated after the formal inventory is completed.","estimatedTime":"1-2 hours","category":"probate","trackCompatibility":["PROBATE"],"applicability":{"states":["NJ"]},"tags":["fiduciary","statutory"],"requiredDocs":["Preliminary Asset List","Bank / Brokerage Statements (estimated)","Income Estimate"],"outputs":["Estimated Bond Amount","Bond Waiver Eligibility Assessment"],"alerts":[{"type":"important","message":"BOND FORMULA (N.J.S.A. 3B:15-1): Bond Amount = Value of Personal Property + Estimated Annual Income from Estate. Real estate is EXCLUDED from the bond calculation."},{"type":"info","message":"Personal property in scope: bank accounts, brokerage/investment accounts, vehicles, household goods, and other tangible personal property. Real estate and non-probate assets (POD/TOD/joint) are excluded."},{"type":"info","message":"WAIVER SHORTCUT: If the will waives bond, or if ALL heirs sign written consent to waive, the bond can be eliminated entirely ΓÇö avoiding annual surety premiums."}],"dependencies":["preliminary_asset_scan"],"links":[{"label":"NJ Bond Requirements (N.J.S.A. 3B:15-1)","url":"https://www.njcourts.gov/self-help/probate#bond"}]} {"id":"nj_elective_share_claim","title":"Elective Share Claim (N.J.S.A. 3B:8-1)","description":"Surviving spouse may file elective share claim within statutory period if they choose to claim a portion of the estate regardless of the Will's provisions (N.J.S.A. 3B:8-1).","estimatedTime":"1-2 hours","category":"probate","trackCompatibility":["PROBATE"],"applicability":{"states":["NJ"]},"isOptional":true,"alerts":[{"type":"info","message":"N.J.S.A. 3B:8-1: Surviving spouse has a right of election to take a one-third share of the augmented estate."},{"type":"info","message":"Family Allowance: Reference N.J.S.A. 3B:15-3 for additional spouse/child protection through the family allowance."}]} {"id":"nj_real_property_transfer","title":"Transfer Real Property via ExecutorΓÇÖs Deed","description":"Execute and record a deed for the transfer of real property if Power of Sale exists under the Will or NJ statutory default authority.","estimatedTime":"2-4 hours","category":"probate","trackCompatibility":["PROBATE"],"applicability":{"states":["NJ"]},"requiresAuthority":true,"alerts":[{"type":"important","message":"Check for Power of Sale: If the Will doesn't grant Power of Sale, the executor may require court approval or heir consent under N.J.S.A. 3B:14-23."}]} {"id":"nj_bond_determination","title":"Determine Bond Requirement & Waiver Gate (NJ)","description":"Determine whether bond is required and whether it can be waived before filing. Two waiver paths: (1) Will waives bond ΓÇö executor is automatically exempt if the will contains an explicit bond waiver clause; (2) Heir consent ΓÇö ALL heirs/beneficiaries must sign notarized written consent. If neither path is available, obtain a surety bond before Letters are issued.","estimatedTime":"1-2 hours","category":"probate","trackCompatibility":["PROBATE"],"applicability":{"states":["NJ"]},"tags":["fiduciary","statutory"],"requiredDocs":["Will (review for bond waiver clause)","Bond Amount Estimate","Heir/Beneficiary Contact List"],"outputs":["Bond Requirement Decision","Waiver Path Selection"],"alerts":[{"type":"important","message":"ADMINISTRATOR BOND: Mandatory for intestate estates (N.J.S.A. 3B:15-1) unless ALL heirs sign written consent to waive. Bond amount = personal property value + estimated annual income."},{"type":"info","message":"EXECUTOR BOND: Required UNLESS the will explicitly waives bond. If the will is silent, collect notarized waivers from ALL beneficiaries to avoid bond cost. A single refusal means bond is required."},{"type":"info","message":"NEXT STEPS: If bond can be waived ΓåÆ file Bond Waiver Affidavit. If bond is required ΓåÆ obtain surety bond or consider bond without surety (court approval required)."}],"dependencies":["nj_bond_calculation"]} {"id":"nj_bond_waiver_affidavit","title":"File Bond Waiver Affidavit (If Applicable)","description":"If all heirs/beneficiaries consent to waive bond, file a Bond Waiver Affidavit with the Surrogate's Court. Each heir must sign and notarize their consent.","estimatedTime":"1-2 weeks","category":"probate","trackCompatibility":["PROBATE"],"applicability":{"states":["NJ"]},"tags":["fiduciary","statutory"],"isConditional":true,"conditionalRequirementLabel":"Required if seeking to waive bond (all heirs must consent)","requiredDocs":["Bond Waiver Affidavit","Notarized Signatures from ALL Heirs/Beneficiaries"],"alerts":[{"type":"warning","message":"UNANIMOUS CONSENT REQUIRED: ALL heirs/beneficiaries must sign the waiver. A single missing signature means bond is required."},{"type":"info","message":"Cost Savings: Bond premiums typically cost 0.5-2% of the bond amount annually. Waiving bond can save significant costs."}],"dependencies":["nj_bond_determination"]} {"id":"nj_bond_obtain_surety","title":"Obtain Bond with Surety (If Required)","description":"If bond cannot be waived, obtain a surety bond from a licensed surety company. The bond guarantees faithful performance of fiduciary duties. Premium is paid annually.","estimatedTime":"1-2 weeks","category":"probate","trackCompatibility":["PROBATE"],"applicability":{"states":["NJ"]},"tags":["fiduciary","statutory"],"isConditional":true,"conditionalRequirementLabel":"Required if bond waiver not obtained","requiredDocs":["Bond Application","Credit Check Authorization","Surety Company Agreement"],"alerts":[{"type":"info","message":"SURETY BOND OPTIONS: Standard surety bond requires a surety company. Premium typically 0.5-2% of bond amount annually. Shop around for best rates."},{"type":"important","message":"BOND WITH SURETY: The surety company guarantees the bond amount. If the fiduciary misappropriates funds, the surety pays and then pursues the fiduciary."}],"dependencies":["nj_bond_determination"]} {"id":"nj_bond_without_surety","title":"Consider Bond Without Surety (If Applicable)","description":"NJ allows bond without surety (personal obligation only) if the estate is solvent and all beneficiaries consent. This option has no premium cost but exposes the fiduciary to full personal liability.","estimatedTime":"1-2 hours","category":"probate","trackCompatibility":["PROBATE"],"applicability":{"states":["NJ"]},"tags":["fiduciary","statutory"],"isConditional":true,"conditionalRequirementLabel":"Available for solvent estates with beneficiary consent","alerts":[{"type":"caution","message":"PERSONAL LIABILITY: Bond without surety means NO insurance protection. The fiduciary is personally on the hook for the full bond amount if misconduct occurs."},{"type":"info","message":"Cost Savings: No annual premium. However, this option is rarely used because it requires court approval and full beneficiary consent."}],"dependencies":["nj_bond_determination"]} {"id":"nj_contested_probate_escalation","title":"Escalate Contested Probate to Superior Court (NJ)","description":"If the probate is contested, the matter transfers from the County Surrogate to the Superior Court, Chancery Division, Probate Part for litigation.","estimatedTime":"Ongoing","category":"probate","trackCompatibility":["PROBATE"],"applicability":{"states":["NJ"]},"isConditional":true,"conditionalRequirementLabel":"Required if probate is contested","isAttorneyReviewNode":true,"attorneyReviewReason":"Litigation Risk: Contested probate requires representation in Superior Court. The Surrogate cannot adjudicate disputes.","requiredDocs":["Complaint/Motion","Supporting Documents"],"alerts":[{"type":"caution","message":"Contested probate in NJ moves from Surrogate's Court to Superior Court, Chancery Division, Probate Part. This significantly increases timeline and costs."}],"dependencies":["file_nj_surrogate_probate"]} {"id":"nj_real_estate_power_of_sale","title":"Determine Power of Sale Authority (NJ)","description":"Review the will and NJ law to determine if you have power of sale for real property without court confirmation, or if court approval is required.","estimatedTime":"1-2 hours","category":"probate","trackCompatibility":["PROBATE"],"applicability":{"states":["NJ"]},"isConditional":true,"conditionalRequirementLabel":"Required if estate contains NJ real property","isAttorneyReviewNode":true,"attorneyReviewReason":"Real Estate Sale: NJ requires determining if power of sale is granted by will or if court confirmation is needed.","alerts":[{"type":"info","message":"If the will grants power of sale, you may sell without court confirmation. Otherwise, court approval of the sale may be required."},{"type":"important","message":"NJ Inheritance Tax Waiver may be required before transferring title. Check with the county recording office."}],"dependencies":["receive_letters_testamentary","receive_letters_administration"]} {"id":"file_probate_petition","title":"File Petition for Probate","description":"Submit the probate petition and original Will to the court to open the estate case and request appointment as Executor.","utility":"Required to obtain legal authority to access accounts.","estimatedTime":"2-4 hours","category":"probate","trackCompatibility":["PROBATE"],"exclusiveGroup":"filing_path","applicability":{"variants":["TESTATE"]},"helpArticleId":"probate-steps","primaryActionLabel":"Generate Petition","primaryActionUrl":"/probate","formNames":["Petition for Probate"],"requiredDocs":["Original Will","Death Certificate","Petition Form"],"alerts":[{"type":"info","message":"Check your local court for the current filing fee. File within the state's recommended timeframe."}],"stateOverrides":{"NY":{"title":"File Petition for Probate (Form P-1)","description":"Submit the P-1 petition to the Surrogate's Court. This initiates the formal probate proceeding for a person who died WITH a Will.","formNames":["P-1","Notice of Probate"],"officialForms":[{"name":"Probate Petition (P-1)","url":"https://www.nycourts.gov/LegacyPDFS/FORMS/surrogates/pdfs/Probate_Petition.pdf"}]}}} {"id":"file_administration_petition","title":"File Petition for Administration","description":"Submit the administration petition to the court to open the estate case and request appointment as Administrator (since there is no Will).","utility":"Required to obtain legal authority to access accounts.","estimatedTime":"2-4 hours","category":"probate","trackCompatibility":["PROBATE"],"exclusiveGroup":"filing_path","applicability":{"variants":["INTESTATE"]},"helpArticleId":"administration-steps","primaryActionLabel":"Generate Petition","primaryActionUrl":"/probate","formNames":["Petition for Administration"],"requiredDocs":["Death Certificate","Petition Form"],"alerts":[{"type":"info","message":"Check your local court for the current filing fee. Since there is no Will, the court may require a bond."}],"stateOverrides":{"NY":{"title":"File Petition for Administration (Form A-1)","description":"Submit the A-1 petition to the Surrogate's Court. This initiates the formal administration proceeding for a person who died WITHOUT a Will.","formNames":["A-1","Citation","Waiver & Consent"],"officialForms":[{"name":"Administration Petition (A-1)","url":"https://www.nycourts.gov/LegacyPDFS/FORMS/surrogates/pdfs/Admin_Petition.pdf"}]}}} {"id":"pay_filing_fee","title":"Pay Court Filing Fee","description":"Pay the required court filing fee to process the petition. Fees vary by estate value.","estimatedTime":"1 day","category":"probate","trackCompatibility":["PROBATE"],"dependencies":["file_probate_petition","file_administration_petition"]} {"id":"submit_oath_designation","title":"Submit Oath and Designation","description":"Sign and submit the Oath and Designation form, officially agreeing to serve as the fiduciary.","estimatedTime":"1-2 days","category":"probate","trackCompatibility":["PROBATE"],"dependencies":["file_probate_petition","file_administration_petition"]} {"id":"obtain_citation","title":"Obtain Citation (Contested / Surrogate-Directed Only)","description":"In NJ, Citation is only issued when the Surrogate determines a hearing is necessary ΓÇö e.g., contested matter, missing heirs, or waivers not obtained. Standard uncontested Surrogate's Court probate does not require a Citation.","estimatedTime":"1-3 weeks","category":"probate","trackCompatibility":["PROBATE"],"dependencies":["file_probate_petition","file_administration_petition"],"isConditional":true,"conditionalRequirementLabel":"Required only if estate is contested or Surrogate requires a hearing","stateOverrides":{"NJ":{"title":"Obtain Citation (Contested / Surrogate-Directed Only)","description":"In NJ, Citation is only issued when the Surrogate determines a hearing is necessary ΓÇö e.g., contested matter, missing heirs, or waivers not obtained. Standard uncontested Surrogate's Court probate does not require a Citation.","isConditional":true,"conditionalRequirementLabel":"Required only if estate is contested or Surrogate requires a hearing","applicability":{"predicatesAny":["isContested","surrogate_requires_hearing"]},"alerts":[{"type":"info","message":"NJ Uncontested Path: Obtain all Waivers & Consents before filing. The Surrogate probates the will administratively ΓÇö no Citation or hearing issued."}]}},"applicability":{"predicatesAny":["isContested","surrogate_requires_hearing"]},"alerts":[{"type":"info","message":"NJ Uncontested Path: Obtain all Waivers & Consents before filing. The Surrogate probates the will administratively ΓÇö no Citation or hearing issued."}]} {"id":"serve_citation","title":"Serve Citation (Contested / Surrogate-Directed Only)","description":"Serve the Citation only if the Surrogate issued one. Not required for standard uncontested NJ Surrogate's Court probate.","estimatedTime":"1-3 weeks","category":"probate","trackCompatibility":["PROBATE"],"dependencies":["obtain_citation"],"isConditional":true,"conditionalRequirementLabel":"Required only if Citation was issued by the Surrogate","alerts":[{"type":"warning","message":"Service must be completed within strict deadlines before the hearing date. Proper affidavits of service are required."}],"stateOverrides":{"NJ":{"title":"Serve Citation (Contested / Surrogate-Directed Only)","description":"Serve the Citation only if the Surrogate issued one. Not required for standard uncontested NJ Surrogate's Court probate.","isConditional":true,"conditionalRequirementLabel":"Required only if Citation was issued by the Surrogate","applicability":{"predicatesAny":["isContested","surrogate_requires_hearing"]}}},"applicability":{"predicatesAny":["isContested","surrogate_requires_hearing"]}} {"id":"attend_probate_hearing","title":"Attend Probate Hearing (Contested / Surrogate-Directed Only)","description":"In NJ, hearings are not required for uncontested Surrogate's Court probate. The Surrogate processes the application administratively. Only attend if the Surrogate schedules a hearing due to a contest or other issue.","estimatedTime":"2-3 hours","requiredDocs":["Valid ID","Proof of Notice"],"applicability":{"predicatesAny":["isContested","surrogate_requires_hearing"]},"isConditional":true,"conditionalRequirementLabel":"Required only if Surrogate schedules a hearing","dependencies":["file_probate_petition"],"alerts":[{"type":"info","message":"NJ Uncontested: Most NJ probates are processed by the Surrogate without a court hearing. A hearing is only set when disputes arise or the Surrogate determines one is needed."}],"stateOverrides":{"NJ":{"title":"Attend Probate Hearing (Contested / Surrogate-Directed Only)","description":"In NJ, hearings are not required for uncontested Surrogate's Court probate. The Surrogate processes the application administratively. Only attend if the Surrogate schedules a hearing due to a contest or other issue.","isConditional":true,"conditionalRequirementLabel":"Required only if Surrogate schedules a hearing","applicability":{"predicatesAny":["isContested","surrogate_requires_hearing"]},"alerts":[{"type":"info","message":"NJ Uncontested: Most NJ probates are processed by the Surrogate without a court hearing. A hearing is only set when disputes arise or the Surrogate determines one is needed."}]}}} {"id":"attend_administration_hearing","title":"Attend Administration Hearing (Contested / Surrogate-Directed Only)","description":"In NJ, hearings are not required for uncontested Surrogate's Court administration. The Surrogate processes the application administratively. Only attend if the Surrogate schedules a hearing.","estimatedTime":"2-3 hours","requiredDocs":["Valid ID","Proof of Notice"],"applicability":{"predicatesAny":["isContested","surrogate_requires_hearing"]},"isConditional":true,"conditionalRequirementLabel":"Required only if Surrogate schedules a hearing","dependencies":["file_administration_petition"],"alerts":[{"type":"info","message":"Dress professionally. The judge will confirm that all distributees have been properly notified."}],"stateOverrides":{"NJ":{"title":"Attend Administration Hearing (Contested / Surrogate-Directed Only)","description":"In NJ, hearings are not required for uncontested Surrogate's Court administration. The Surrogate processes the application administratively. Only attend if the Surrogate schedules a hearing.","isConditional":true,"conditionalRequirementLabel":"Required only if Surrogate schedules a hearing","applicability":{"predicatesAny":["isContested","surrogate_requires_hearing"]}}}} {"id":"receive_letters_testamentary","title":"Obtain Letters Testamentary (NJ)","description":"After the County Surrogate approves the probate application, Letters Testamentary are issued ΓÇö typically at the time of filing for uncontested matters. No hearing is required.","requiresAuthority":true,"estimatedTime":"Same day to 1 week after filing","category":"court-issued","requiredDocs":["Letters Testamentary"],"applicability":{"variants":["TESTATE"]},"dependencies":["file_nj_surrogate_probate"],"stateOverrides":{"NJ":{"title":"Obtain Letters Testamentary (NJ)","description":"After the County Surrogate approves the probate application, Letters Testamentary are issued ΓÇö typically at the time of filing for uncontested matters. No hearing is required.","estimatedTime":"Same day to 1 week after filing","dependencies":["file_nj_surrogate_probate"]},"NY":{"title":"Obtain Letters Testamentary","description":"After the Surrogate's Court approves the petition, it issues Letters Testamentary granting the executor authority to act on behalf of the estate."}},"alerts":[{"type":"important","message":"Order 10-15 certified copies. You'll need them for every institution."}]} {"id":"receive_letters_administration","title":"Obtain Letters of Administration (NJ)","description":"After the County Surrogate approves the administration application, Letters of Administration are issued ΓÇö typically within a few days of filing for uncontested matters. No hearing is required unless the Surrogate directs one.","requiresAuthority":true,"estimatedTime":"Same day to 1 week after filing","category":"court-issued","requiredDocs":["Letters of Administration"],"applicability":{"variants":["INTESTATE"]},"dependencies":["attend_administration_hearing","file_nj_administration"],"stateOverrides":{"NJ":{"title":"Obtain Letters of Administration (NJ)","description":"After the County Surrogate approves the administration application, Letters of Administration are issued ΓÇö typically within a few days of filing for uncontested matters. No hearing is required unless the Surrogate directs one.","estimatedTime":"Same day to 1 week after filing","dependencies":["attend_administration_hearing","file_nj_administration"]},"NY":{"title":"Obtain Letters of Administration","description":"The Surrogate's Court issues the Decree and Letters of Administration.","officialForms":[{"name":"Notice of Administration","url":"#"}]}},"alerts":[{"type":"important","message":"Order 10-15 certified copies. You'll need them for every institution."}]} {"id":"issue_cert_trust","title":"Issue Certificate of Trust","description":"Formalize successor trustee authority for trust-held assets.","estimatedTime":"1 week","category":"court-issued","isOptional":true,"helpArticleId":"trust-administration","requiredDocs":["Trust Agreement"]} {"id":"manage_business_authority","title":"Obtain Business Operating Authority","description":"If the decedent owned a business, you may need a court order to continue operations and pay employees.","estimatedTime":"1-2 weeks","category":"probate","isConditional":true,"conditionalRequirementLabel":"Required if decedent owned an ongoing business","isAttorneyReviewNode":true,"attorneyReviewReason":"Complex Asset: Continuing business operations involves significant fiduciary risk and employment law compliance.","alerts":[{"type":"important","message":"Do not let business operations lapse; it can severely devalue the estate."}]} {"id":"track_special_notice_requests","title":"Track Special Notice Requests","description":"Maintain list of all parties who have requested special notice. You must serve them copies of ALL court filings.","estimatedTime":"Ongoing","isLongHorizon":true,"category":"probate","isOptional":true,"dependencies":["file_probate_petition","file_administration_petition"],"requiredDocs":["Request for Notice Form","Notice Form"],"links":[{"label":"About Special Notice Requests","url":"#"}],"alerts":[{"type":"warning","message":"Failure to serve special notice can invalidate court orders. Keep meticulous records."}]} {"id":"serve_special_notice_parties","title":"Serve All Special Notice Recipients","description":"Each time you file a document with the court, serve copies by mail on all parties who requested special notice.","estimatedTime":"1-2 hours per filing","isLongHorizon":true,"isOptional":true,"dependencies":["track_special_notice_requests"],"alerts":[{"type":"important","message":"Service must be by mail with proof of service filed with court."}]} {"id":"handle_bond_waivers","title":"Avoid Bond Cost","description":"Obtain signatures from all heirs to waive the bond requirement, then file the completed waiver with the court.","utility":"Cost Savings: Eliminate bond premium (typically $500-$5,000/year).","estimatedTime":"1-2 weeks","category":"probate","isConditional":true,"conditionalRequirementLabel":"Recommended to save on bond premiums if all heirs agree to waive","requiredDocs":["Bond Waiver Form"],"dependencies":["file_probate_petition","file_administration_petition"],"links":[{"label":"About Bond Waivers","url":"#"}],"alerts":[{"type":"important","message":"Action Required: ALL heirs must sign. File the completed waivers before the hearing."}]} {"id":"obtain_bond_waiver_order","title":"Obtain Order Waiving Bond","description":"Verify that the court has officially waived the bond requirement, typically reflected in a separate Order or the Order for Probate.","estimatedTime":"At hearing","category":"court-issued","isOptional":true,"requiredDocs":["Bond Order","Order for Probate"],"dependencies":["handle_bond_waivers"],"alerts":[{"type":"info","message":"The bond waiver is officially granted within the Order for Probate or a specific Bond Order."}]} {"id":"respond_to_objections","title":"Respond to Objections","description":"If someone files an objection to the petition or will, you must respond formally and prepare for contest hearing.","estimatedTime":"2-4 weeks","category":"probate","isOptional":true,"requiredDocs":["Objection Response Form"],"dependencies":["file_probate_petition","file_administration_petition"],"links":[{"label":"About Responding to Objections","url":"#"}],"alerts":[{"type":"warning","message":"Hire an attorney immediately. Will contests are complex and high-stakes."}]} {"id":"attend_contest_hearing","title":"Attend Will Contest Hearing","description":"Appear in court for hearing on objection. Be prepared to present evidence supporting will validity.","estimatedTime":"4-8 hours","isOptional":true,"dependencies":["respond_to_objections"],"alerts":[{"type":"important","message":"Bring all witnesses who can testify to decedent's mental capacity and lack of undue influence."}]} {"id":"resolve_contest","title":"Resolve Will Contest","description":"Obtain court ruling on objection. If will is upheld, proceed with probate. If invalidated, estate becomes intestate. Contested probate can extend the timeline by 6-24 months.","estimatedTime":"Varies (can take 6-24 months)","isLongHorizon":true,"isOptional":true,"dependencies":["attend_contest_hearing"],"alerts":[{"type":"caution","message":"Contested probate significantly extends timeline and increases costs. Consider settlement."}]} {"id":"check_unclaimed_property","title":"Search State Unclaimed Property","description":"Check state databases for dormant accounts, uncashed checks, or forgotten insurance policies.","estimatedTime":"1 hour","helpArticleId":"asset-discovery","links":[{"label":"Search State Unclaimed Property","url":"#"}]} {"id":"business_valuation","title":"Hire Business Valuation Expert","description":"If the estate includes an ongoing business, a professional valuation is required for tax and distribution purposes.","estimatedTime":"2-4 weeks","isOptional":true} {"id":"freeze_accounts","title":"Coordinate with Financial Institutions","description":"Provide notice of your fiduciary authority to banks, brokerages, and insurance companies to secure accounts.","estimatedTime":"2-4 weeks","requiresAuthority":true,"requiredDocs":["Death Certificate","Letters of Authority"],"alerts":[{"type":"important","message":"This step formalizes your control over assets and locks in values for reporting purposes."}]} {"id":"get_dod_values","title":"Obtain Date-of-Death Values","description":"Request official DOD statements from every financial institution.","estimatedTime":"2-4 weeks","requiredDocs":["Letters of Authority"],"alerts":[{"type":"info","message":"These values determine the estate's tax basis and court inventory."}]} {"id":"hire_appraiser","title":"Hire Probate Referee for Real Property","description":"Court-appointed appraiser must value real estate, business interests, and collectibles.","estimatedTime":"2-3 weeks","requiredDocs":["Court Appointment"],"isOptional":true,"alerts":[{"type":"important","message":"Fee: 0.1% of appraised value (minimum $75). Court assigns the referee."}]} {"id":"complete_inventory","title":"Complete Inventory & Appraisal","description":"List ALL assets with DOD values and attach appraisal reports.","estimatedTime":"1-2 weeks","requiredDocs":["All DOD Statements","Appraisal Reports"],"category":"court-issued","deadlineWarningId":"INVENTORY_DUE_DATE","helpArticleId":"inventory-appraisal","alerts":[{"type":"info","message":"Recommended: Consult with counsel before filing the Inventory & Appraisal to ensure all assets are correctly categorized."},{"type":"warning","message":"Due within the statutory window (typically 3-4 months) of Letters issuance. Delays in filing can impede the overall settlement timeline."}],"isAttorneyReviewNode":true} {"id":"file_inventory","title":"File Inventory with Court","description":"Submit the Inventory Form to court and serve copies on all heirs.","estimatedTime":"1 day","category":"probate","dependencies":["complete_inventory"],"alerts":[{"type":"info","message":"Keep proof of service. This becomes the official estate value."}]} {"id":"nj_inventory_90_day_deadline","title":"File NJ Inventory (90-Day Deadline)","description":"Under N.J.S.A. ┬º 3B:15-1, the inventory must be filed with the County Surrogate within 90 days of appointment. Missing this deadline can result in court sanctions.","estimatedTime":"1-2 weeks","category":"probate","trackCompatibility":["PROBATE"],"applicability":{"states":["NJ"]},"deadlineWarningId":"NJ_INVENTORY_DUE_DATE","requiredDocs":["NJ Inventory Form","Date-of-Death Appraisals","Asset Documentation"],"alerts":[{"type":"important","message":"STATUTORY DEADLINE: NJ law requires inventory filing within 90 days of Letters issuance. Request an extension BEFORE the deadline if needed."}],"dependencies":["file_nj_surrogate_probate","file_nj_administration","complete_inventory"],"links":[{"label":"NJ Inventory Requirements","url":"https://www.njcourts.gov/self-help/probate#inventory"}]} {"id":"nj_inventory_extension","title":"Request Inventory Extension (NJ)","description":"If additional time is needed to complete the inventory, file a request for extension with the Surrogate's Court BEFORE the 90-day deadline expires.","estimatedTime":"1-2 days","category":"probate","trackCompatibility":["PROBATE"],"applicability":{"states":["NJ"]},"isConditional":true,"conditionalRequirementLabel":"Required if inventory cannot be completed within 90 days","alerts":[{"type":"warning","message":"FILE BEFORE DEADLINE: Extension requests must be submitted before the 90-day period expires. Late requests may be denied."}],"dependencies":["nj_inventory_90_day_deadline"]} {"id":"coordinate_with_guardian","title":"Coordinate with Guardian Ad Litem","description":"Keep guardian informed of all estate actions. Obtain guardian's approval before major decisions affecting minors.","estimatedTime":"Ongoing","isLongHorizon":true,"isOptional":true,"dependencies":["obtain_guardian_order"],"alerts":[{"type":"caution","message":"Guardian must review and approve inventory, accounting, and distribution plans."}]} {"id":"debt_priority_risk","title":"FIDUCIARY RISK: Statutory Debt Priority","description":"Assess creditor claims and potential debts under the statutory priority rules applicable in your jurisdiction (often including administration expenses and taxes before unsecured debts).","isAttorneyReviewNode":true,"trackCompatibility":["PROBATE","TRUST","NON_PROBATE"],"alerts":[{"type":"caution","message":"Liability Alert: Do not pay claims out of order. Maintain reserves and verify your state's priority rules and any notice/claims procedures before making non-essential payments."}],"outputs":["Debt priority worksheet","Proposed payment order / reserve plan"],"stateOverrides":{"MN":{"title":"FIDUCIARY RISK: Minnesota Statutory Debt Priority","description":"Assess creditor claims and potential debts under Minnesota statutory priority order (MN Stat. ┬º524.3-805).","alerts":[{"type":"caution","message":"Minnesota Priority Order (MN Stat. ┬º524.3-805): Pay claims in statutory order - administration expenses, funeral expenses, debts/taxes with preference under federal/state law, reasonable/necessary medical/hospital expenses, debts/taxes due to state, other claims. Incorrect payment order creates personal liability."}]}}} {"id":"publish_notice","title":"Publish Notice to Creditors (N.J.S.A. 3B:22-4)","description":"Publish a notice to creditors in an approved New Jersey newspaper. Under N.J.S.A. 3B:22-4, creditors have 6 months from the date of the first publication to present their claims. This starts the statutory bar against unknown claims.","estimatedTime":"6 months (statutory window)","trackCompatibility":["PROBATE"],"requiredDocs":["Notice to Creditors","Proof of Publication"],"category":"probate","dependencies":[],"isOptional":false,"helpArticleId":"creditor-notice","alerts":[{"type":"important","message":"Strict 6-Month Bar: Claims presented after 6 months from first publication may be barred under N.J.S.A. 3B:22-4. Retain the 'Proof of Publication' from the newspaper."}],"stateOverrides":{"CA":{"title":"Publish Notice to Creditors (CA)","description":"In California, publish notice to creditors in an approved newspaper and file proof of publication. Publication helps notify unknown creditors, but the claim deadline is the later of 4 months after Letters or 60 days after direct notice (CA Prob. Code ┬º9154).","isOptional":false,"dependencies":["file_probate_petition","file_administration_petition"],"requiredDocs":["Court case number","Proposed notice","Publication proof (when issued)"],"alerts":[{"type":"important","message":"Publication satisfies notice to unknown creditors. Retain proof of publication and confirm local requirements."}]},"NY":{"title":"Publish Creditor Notice (Optional Risk Mitigation)","description":"In New York, creditor publication is generally optional and may be used as a risk-mitigation step to document notice efforts and reduce unknown-creditor risk. It does not create a guaranteed claim bar. Confirm local Surrogate's Court practice or consult counsel.","isOptional":true,"alerts":[{"type":"important","message":"Seven-Month Rule (SCPA ┬º1802): Creditors have 7 months from the date of Letters to file claims. Distributing before this period carries personal liability risk."}]},"IL":{"title":"Publish Notice to Creditors (755 ILCS 5/18-3)","description":"Illinois law requires the representative to publish a notice in a newspaper of general circulation in the county where the estate is being administered. This starts the 6-month claim period for unknown creditors.","isOptional":false,"alerts":[{"type":"important","message":"Mandatory Requirement: Publication is required by 755 ILCS 5/18-3 and must be completed promptly after Letters are issued."}]},"OH":{"title":"Publish Notice to Creditors","description":"Publication is required under ORC ┬º2117.07. It does not shorten the 6-month claims bar but is part of statutory notice compliance.","isOptional":false,"alerts":[{"type":"important","message":"Mandatory Requirement (ORC ┬º2117.07): Publication must be completed, though it does not accelerate the 6-month claim window."}]},"MN":{"title":"Publish Notice to Creditors (Optional but Recommended - MN)","description":"While publication is not mandatory, failure to publish may extend creditor exposure beyond the 4-month bar. Publication triggers the 4-month claim cutoff under MN Stat. ┬º524.3-801.","isOptional":true,"alerts":[{"type":"important","message":"Strategic Recommendation: Publication triggers the 4-month claim bar under MN Stat. ┬º524.3-801. Without publication, creditors may have extended exposure periods."},{"type":"info","message":"Minnesota does not require publication, but it provides a clear 'later of' deadline: 4 months from publication OR 1 month from mailed notice to known creditors."}],"links":[{"label":"MN Stat. ┬º524.3-801","url":"https://www.revisor.mn.gov/statutes/cite/524.3-801"}]},"GA":{"title":"Publish Notice to Creditors (Required - Georgia)","description":"Georgia requires publication of notice to creditors in the county where the estate is being administered. This triggers the 3-month claim bar under O.C.G.A. ┬º53-7-41.","isOptional":false,"requiredDocs":["Notice to Creditors","Publication Proof"],"alerts":[{"type":"important","message":"REQUIRED: Publication triggers the 3-month claim period in Georgia. Without publication, the claim period may not be triggered."},{"type":"info","message":"Publication must run in the official county newspaper for 4 consecutive weeks. File proof of publication with the probate court."}],"links":[{"label":"O.C.G.A. ┬º53-7-40","url":"https://law.justia.com/codes/georgia/2022/title-53/chapter-7/article-4/"}]},"NJ":{"title":"Publish Notice to Creditors (N.J.S.A. 3B:22-4)","description":"Publish a notice to creditors in an approved New Jersey newspaper. Under N.J.S.A. 3B:22-4, creditors have 6 months from the date of the first publication to present their claims. This starts the statutory bar against unknown claims.","isOptional":false,"estimatedTime":"6 months (statutory window)","requiredDocs":["Notice to Creditors","Proof of Publication"],"alerts":[{"type":"important","message":"Strict 6-Month Bar: Claims presented after 6 months from first publication may be barred under N.J.S.A. 3B:22-4. Retain the 'Proof of Publication' from the newspaper."}],"links":[{"label":"N.J.S.A. 3B:22-4","url":"https://law.justia.com/codes/new-jersey/2022/title-3b/section-3b-22-4/"}]}},"links":[{"label":"N.J.S.A. 3B:22-4","url":"https://law.justia.com/codes/new-jersey/2022/title-3b/section-3b-22-4/"}]} {"id":"mail_notice","title":"Notify Known Creditors","description":"Notify known creditors as appropriate and document your outreach (e.g., banks, credit cards, medical providers). Requirements and best practices vary by jurisdiction.","estimatedTime":"1ΓÇô3 hours","requiredDocs":["Creditor notice template (if used)","Creditor contact list / notice log"],"category":"probate","dependencies":[],"alerts":[{"type":"info","message":"Keep proof of notice attempts and a dated log of communications. This supports a defensible claims process, but does not guarantee claim cutoff."}],"stateOverrides":{"NY":{"title":"Notify Known Creditors (SCPA ┬º1803)","description":"In New York, creditor claims are typically presented in writing. Notify known creditors and keep a written log of when and how notice was provided. If a claim is presented, document the date received and supporting details (SCPA ┬º1803).","alerts":[{"type":"caution","message":"Do not admit or pay a claim without documentation. If unsure about validity or priority, consult counsel."}]},"CA":{"title":"Mail Notice to Known Creditors (As Applicable)","description":"Notify known creditors as appropriate and retain proof of mailing/notice. Requirements can vary by county and case posture; confirm local practice.","dependencies":["file_probate_petition","file_administration_petition"]}}} {"id":"intl_w8_assessment","title":"International Fiduciary: W-8BEN/W-8CE Assessment","description":"For non-resident executors or beneficiaries, determine U.S. tax withholding requirements and treaty eligibility.","applicability":{"predicatesAny":["has_foreign_beneficiary","executor_non_us_resident"]},"isAttorneyReviewNode":true,"attorneyReviewReason":"Tax Risk: Foreign beneficiary withholding is strictly enforced by the IRS and requires specific treaty analysis.","trackCompatibility":["PROBATE","TRUST"],"alerts":[{"type":"important","message":"Tax Liability: Failure to withhold correctly can result in the executor being personally liable for the tax."}]} {"id":"itin_acquisition_protocol","title":"International Fiduciary: ITIN Acquisition Protocol","description":"Identify foreign beneficiaries without a SSN/ITIN. Coordinate acquisition of U.S. Individual Taxpayer Identification Numbers to avoid maximum backup withholding on distributions.","applicability":{"predicatesAny":["has_foreign_beneficiary","executor_non_us_resident"]},"trackCompatibility":["PROBATE","TRUST"],"alerts":[{"type":"info","message":"Wait times for ITINs can exceed 12 weeks. Start this process as soon as beneficiaries are identified."}]} {"id":"evaluate_solvency","title":"Evaluate Estate Solvency","description":"Compare total estate assets to total liabilities, taxes, and administration/funeral expenses to determine whether the estate appears solvent or insolvent.","estimatedTime":"2ΓÇô3 hours","isAttorneyReviewNode":true,"attorneyReviewReason":"Fiduciary Risk: If the estate is insolvent, payment priority and distribution rules change materially. Paying the wrong creditor first is a major source of personal liability.","alerts":[{"type":"caution","message":"If liabilities exceed assets, treat the estate as potentially insolvent and follow your jurisdiction's insolvency/payment priority rules before paying claims or making distributions."}],"outputs":["Solvency worksheet (assets vs liabilities)","Preliminary insolvency flag"]} {"id":"wait_claim_period","title":"6 months from first publication (N.J.S.A. 3B:22-4)","description":"NJ law mandates a 6-month period from the date of first publication for creditors to present claims. (N.J.S.A. 3B:22-4).","utility":"Helps reduce personal fiduciary liability by managing creditor exposure before final distributions.","isLongHorizon":true,"estimatedTime":"State-specific","dependencies":[],"applicability":{"excludePredicates":["isOH","isMN"]},"stateOverrides":{"NJ":{"title":"6 months from first publication (N.J.S.A. 3B:22-4)","description":"NJ law mandates a 6-month period from the date of first publication for creditors to present claims. (N.J.S.A. 3B:22-4)."}}} {"id":"monitor_creditor_claim_period","title":"6-Month Claim Window ΓÇô Triggered by First Publication (N.J.S.A. 3B:22-4)","description":"In New Jersey, creditors have 6 months from the date of the first publication of notice to present claims (N.J.S.A. 3B:22-4). The clock starts from first publication, not from Letters issuance.","isLongHorizon":true,"estimatedTime":"6 months","stateOverrides":{"CA":{"title":"Monitor Creditor Claim Deadline (CA)","description":"In California, the claim deadline is the later of 4 months after Letters are issued or 60 days after notice is given to the creditor (CA Prob. Code ┬º9154).","estimatedTime":"Later of 4 months after Letters or 60 days after notice"},"NY":{"title":"Monitor 7-Month Creditor Exposure Period (from issuance of Letters)","description":"In New York, creditors have 7 months from the date Letters are issued to file claims (SCPA ┬º1802). Publication may be used as optional risk mitigation but does not create a guaranteed claim bar.","estimatedTime":"7 months"},"TX":{"title":"Monitor Creditor Claim Period","description":"In Texas, creditors generally have 4 months from the date of the published notice or receipt of personal notice to file claims.","estimatedTime":"4 months"},"FL":{"title":"Monitor 3-Month Creditor Claim Period","description":"In Florida, creditors have 3 months from first publication of Notice to Creditors, or 30 days from actual notice, whichever is later.","estimatedTime":"3 months"},"PA":{"title":"Monitor 1-Year Creditor Claim Period","description":"In Pennsylvania, creditors have 1 year from the date of death to file claims against the estate (20 Pa.C.S. ┬º3532).","estimatedTime":"12 months"},"OH":{"title":"Monitor Ohio 6-Month Creditor Claim Period","description":"Ohio Creditor Deadline: Claims must be presented within 6 months from the decedent's date of death (ORC ┬º2117.06). Publication under ORC ┬º2117.07 is required but does NOT shorten the 6-month bar.","estimatedTime":"6 months from date of death","alerts":[{"type":"important","message":"Fixed Deadline: The 6-month claim period starts from the date of death, not from publication or appointment. Claims presented after 6 months are barred."}]},"IL":{"title":"6-Month Claim Window - Illinois Creditor Claims (755 ILCS 5/18-12)","description":"In Illinois, creditors have 6 months from the date of first publication of the death notice to file claims (755 ILCS 5/18-12).","estimatedTime":"6 months"},"GA":{"title":"Monitor Georgia 3-Month Creditor Claim Period","description":"Georgia Creditor Deadline: Claims are barred 3 months after publication of notice (O.C.G.A. ┬º53-7-41). Publication is required to trigger the 3-month bar.","estimatedTime":"3 months from publication","alerts":[{"type":"important","message":"Publication Required: Georgia requires publication to trigger the 3-month claim bar. Without publication, the claim period may not be triggered."}]},"NJ":{"title":"6-Month Claim Window ΓÇô Triggered by First Publication (N.J.S.A. 3B:22-4)","description":"In New Jersey, creditors have 6 months from the date of the first publication of notice to present claims (N.J.S.A. 3B:22-4). The clock starts from first publication, not from Letters issuance.","estimatedTime":"6 months"},"MA":{"title":"Monitor 1-Year Creditor Claim Period","description":"In Massachusetts, creditors have 1 year from the date of death to present claims against the estate (MGL c.197 ┬º9).","estimatedTime":"12 months"},"MN":{"title":"Monitor Minnesota Creditor Deadline","description":"Minnesota Creditor Deadline: Claims are barred the later of: (1) 4 months after first publication of notice, OR (2) 1 month after mailed notice to a known creditor (MN Stat. ┬º524.3-801). Publication is optional but triggers the 4-month bar.","estimatedTime":"Later of 4 months after publication or 1 month after mailed notice","alerts":[{"type":"important","message":"Later Of Formula: The deadline is MAX(4 months from publication, 1 month from mailed notice to known creditor). If no publication occurs, extended creditor exposure may apply."},{"type":"info","message":"Publication triggers the 4-month claim bar. Without publication, creditors may have extended exposure under general limitations."}],"links":[{"label":"MN Stat. ┬º524.3-801","url":"https://www.revisor.mn.gov/statutes/cite/524.3-801"}]}},"alerts":[{"type":"info","message":"Timing varies by state. Keep appropriate reserves and document claim handling before making final distributions."}]} {"id":"review_claims","title":"Review Submitted Claims","description":"Examine each creditor claim for validity, amount, and supporting documentation.","estimatedTime":"1-2 weeks","helpArticleId":"creditor-claims","isAttorneyReviewNode":true,"alerts":[{"type":"important","message":"Recommended Attorney Review: Rejecting a claim can lead to litigation. Consult with counsel before issuing a rejection notice."},{"type":"caution","message":"Claims handling procedures and timelines vary by state. Verify any notice, response, or objection deadlines that apply in your jurisdiction."}]} {"id":"evaluate_and_document_claims","title":"Document Claim Evaluation & Decision","description":"Evaluate each creditor claim and document your decision (allowed, partially allowed, disputed/rejected) with supporting rationale and evidence. Claims handling procedures vary by state and case type.","isAttorneyReviewNode":true,"attorneyReviewReason":"Litigation Risk: Disputing or rejecting claims can trigger formal dispute processes and deadlines that vary by jurisdiction. Counsel guidance reduces risk.","trackCompatibility":["PROBATE","TRUST"],"alerts":[{"type":"caution","message":"State law may impose specific notice language, delivery methods, or response deadlines when disputing a claim. Confirm local requirements before issuing a formal dispute/rejection notice."}]} {"id":"reject_invalid","title":"Dispute or Reject Claims (If Applicable)","description":"If a claim is incorrect, unsupported, or disputed, follow your state's procedure to dispute, reject, or negotiate the claim. Keep written documentation of the basis and supporting evidence.","estimatedTime":"State-specific (often 1ΓÇô2 weeks)","isConditional":true,"conditionalRequirementLabel":"Required if creditor claims are invalid or disputed","requiredDocs":["Claim documentation","Written dispute/rejection notice (if used)","Supporting evidence"],"dependencies":["review_claims"],"alerts":[{"type":"warning","message":"Disputed or rejected creditors may pursue litigation. Consult counsel and document your reasoning carefully before sending a dispute/rejection notice."},{"type":"caution","message":"Notice requirements and deadlines vary by state. Verify local procedure before acting."}],"stateOverrides":{"CA":{"title":"File Formal Rejection of Claim (CA)","description":"If a claim is invalid or unsupported, follow California's procedure to reject the claim and retain proof of delivery. Confirm any statutory deadlines and required notice language.","requiredDocs":["Notice of Rejection (as required)","Proof of service/mailing"]},"NY":{"title":"Dispute Claim (NY ΓÇö Follow SCPA/EPTL Procedure)","description":"If a claim is disputed, follow the applicable New York procedure to challenge or negotiate the claim and maintain written documentation of the basis for dispute. Consult counsel regarding notice requirements and deadlines.","requiredDocs":["Written dispute documentation","Counsel-reviewed notice (if required)"]}}} {"id":"pay_approved","title":"Pay Approved Claims (By Statutory Priority)","description":"Pay valid debts in the statutory priority order applicable in your jurisdiction (commonly including administration costs, taxes, secured debts, then unsecured claims). Document each payment and retain receipts.","estimatedTime":"State/case dependent (often 2ΓÇô6 weeks)","dependencies":["review_claims"],"alerts":[{"type":"important","message":"Follow your state's creditor priority rules. Paying the wrong creditors first can create personal fiduciary liability."}],"outputs":["Claims payment ledger","Receipts and proof of payment"]} {"id":"file_proof","title":"Document Proof of Creditor Notice (If Applicable)","description":"If your jurisdiction requires proof of creditor notice (publication and/or direct notice), retain and submit the required proof in the format your court or process expects. Even when not required to file, maintaining proof supports a defensible administration record.","estimatedTime":"State-specific (often 1ΓÇô3 days)","requiredDocs":["Notice log","Proof documents (if applicable)"],"dependencies":[],"alerts":[{"type":"info","message":"Notice proof requirements vary by state and case type. Keeping proof helps demonstrate reasonable notice efforts but does not guarantee claim cutoff."}],"stateOverrides":{"CA":{"title":"File Proof of Creditor Notice (CA)","description":"Retain and submit proof of publication and any required mailed notices per local court practice. Confirm county-specific proof requirements.","requiredDocs":["Proof of Publication","Proof of Mailing (if applicable)"],"dependencies":["publish_notice"]},"NY":{"title":"Retain Proof of Notice Efforts (NY)","description":"In New York, publication is generally optional, but you should retain a dated log and proof of any notices sent to known creditors. If the court requires proof for a specific filing, follow local Surrogate's Court instructions.","requiredDocs":["Creditor notice log","Copies of notices sent (if any)"],"dependencies":[]}},"outputs":["Creditor notice proof bundle / log"]} {"id":"minor_beneficiary_court_approval","title":"Obtain Court Approval for Minor Distributions","description":"Distributions to minors usually require a guardianship or court order to be placed in a blocked account.","estimatedTime":"4-8 weeks","isConditional":true,"conditionalRequirementLabel":"Required if any beneficiaries are under age 18","isAttorneyReviewNode":true,"attorneyReviewReason":"Malpractice Risk: Minor beneficiaries have special statutory protections. Distributing without court-approved blocked accounts triggers personal liability.","category":"probate","alerts":[{"type":"important","message":"Minors cannot receive distributions directly. Funds must be placed in court-approved blocked accounts until age 18."}]} {"id":"present_letters","title":"Present Letters to All Institutions","description":"Submit certified Letters of Authority to every bank, brokerage, and insurance company.","estimatedTime":"2-4 weeks","requiredDocs":["Letters of Authority","Death Certificate"],"alerts":[{"type":"info","message":"Each institution has different forms and timelines. Be patient and persistent."}]} {"id":"transfer_accounts","title":"Transfer Financial Accounts","description":"Move stocks, bonds, and cash to estate account or directly to beneficiaries.","estimatedTime":"4-8 weeks","dependencies":["present_letters"],"alerts":[{"type":"important","message":"Verify cost basis step-up to DOD value. This saves heirs thousands in taxes."}]} {"id":"sell_property","title":"Complete Property Sale & Transfer","description":"If the estate owns real property and a sale is needed, confirm fiduciary authority and any required court authorization in your jurisdiction before signing a contract. Complete closing, deposit proceeds into the estate account, and retain all closing and tax documents.","estimatedTime":"4-8 weeks","isConditional":true,"conditionalRequirementLabel":"Required if estate owns real property","isAttorneyReviewNode":true,"attorneyReviewReason":"Fiduciary Risk: Property sales are often the largest transactions in an estate. Confirm jurisdiction-specific authorization requirements and retain all closing documentation.","dependencies":[],"requiredDocs":["Closing statement (HUD-1/CD/ALTA)","Deed or transfer instrument","Tax/withholding documents (if any)"],"stateOverrides":{"CA":{"title":"Complete Property Sale & Close Escrow","description":"Finalize the sale of real estate through IAEA or court-confirmed process, sign closing documents, and receive sale proceeds into the estate account.","dependencies":["obtain_sale_confirmation_order","wait_proposed_action_period"]},"NY":{"title":"Complete Property Sale & Transfer","description":"Finalize the sale of real estate. If court authorization was required, ensure Surrogate's Court approval is obtained before closing. NY does not use the CA Independent Administration of Estates Act (IAEA) process.","dependencies":[],"alerts":[{"type":"info","message":"Determine if a court order is required for the sale based on the Will terms and fiduciary authority granted."},{"type":"info","message":"Record the deed with the County Clerk upon closing."},{"type":"caution","message":"CA-specific procedures (Notice of Proposed Action, IAEA, Petition to Confirm Sale) do NOT apply in New York."}]}}} {"id":"file_form_1041","title":"File Form 1041 (Fiduciary Income Tax)","description":"Report income, deductions, and credits for a trust or estate that has gross income of $600 or more in a tax year.","estimatedTime":"4-8 hours","tags":["tax","statutory"],"trackCompatibility":["PROBATE","TRUST"],"applicability":{"authorityTypes":["TRUST_ADMIN_IRREVOCABLE","TRUST_ADMIN_REVOCABLE","FORMAL_PROBATE","INFORMAL_PROBATE"]},"alerts":[{"type":"important","message":"Required for irrevocable trusts and estates with significant income. Consult a tax professional."},{"type":"info","message":"Note: Income is taxed at much higher brackets in an estate than for an individual."}]} {"id":"issue_k1","title":"Issue Schedule K-1 to Beneficiaries","description":"Provide beneficiaries with their share of income, deductions, and credits to report on their individual tax returns.","estimatedTime":"2-3 hours","tags":["tax","communication"],"applicability":{"authorityTypes":["TRUST_ADMIN_IRREVOCABLE","TRUST_ADMIN_REVOCABLE","FORMAL_PROBATE","INFORMAL_PROBATE"]}} {"id":"pay_taxes","title":"Pay Final Taxes","description":"File final individual 1040, estate 1041, and any estate tax returns.","utility":"Clears your personal liability with the IRS.","isLongHorizon":true,"estimatedTime":"2-4 weeks","requiredDocs":["All Tax Documents"],"deadlineWarningId":"TAX_FILING_DEADLINE","helpArticleId":"tax-returns","alerts":[{"type":"important","message":"Deadlines: 1040 by April 15, 1041 by April 15, 706 within 9 months."}]} {"id":"prepare_accounting","title":"Prepare Final Accounting","description":"Document all income, expenses, and distributions for court review.","utility":"Required to prove you didn't miss any funds.","isLongHorizon":true,"estimatedTime":"1-2 weeks","dependencies":["pay_taxes"],"alerts":[{"type":"info","message":"Keep every receipt. The court will review your accounting line by line."}]} {"id":"guardian_distribution_approval","title":"Obtain Guardian Approval for Distribution","description":"Present final distribution plan to guardian ad litem for review and approval before court hearing.","estimatedTime":"1-2 weeks","isOptional":true,"dependencies":["file_final_petition"],"alerts":[{"type":"important","message":"Guardian will verify that minors' shares are properly protected in blocked accounts."}]} {"id":"blocked_account_minors","title":"Setup Blocked Accounts for Minors","description":"Ensure funds for minor beneficiaries are placed in court-approved blocked accounts.","estimatedTime":"2 weeks","isOptional":true,"alerts":[{"type":"important","message":"Required by court if distributions are made directly to minors."}]} {"id":"file_final_petition","title":"File Petition for Final Distribution","description":"Request court approval to distribute remaining assets to heirs.","stateOverrides":{"NY":{"title":"File Petition for Final Settlement & Distribution","description":"Request the Surrogate's Court to settle the account and issue a Decree of Distribution.","formNames":["Petition for Final Settlement","Decree of Distribution"]}},"estimatedTime":"2-4 hours","requiredDocs":["Final Accounting","Proposed Distribution Plan"],"dependencies":["prepare_accounting"],"alerts":[{"type":"info","message":"Hearing scheduled 30-60 days after filing. All heirs must be notified."}]} {"id":"attend_final_hearing","title":"Attend Final Hearing","description":"Appear in court for approval of final accounting and distribution.","estimatedTime":"1-2 hours","dependencies":["file_final_petition"],"alerts":[{"type":"important","message":"Bring all receipts and documentation. Judge may ask questions about expenses."}]} {"id":"distribute_assets","title":"Distribute Assets to Heirs","description":"Transfer remaining assets according to Will and court order.","estimatedTime":"2-4 weeks","requiredDocs":["Order for Final Distribution"],"dependencies":["attend_final_hearing"],"alerts":[{"type":"warning","message":"Get signed receipts from every heir. This protects you from future claims."}]} {"id":"file_final_accounting","title":"File Final Accounting with Court","description":"Submit final report showing all transactions and distributions.","estimatedTime":"1 day","dependencies":["distribute_assets"],"alerts":[{"type":"info","message":"This is your final legal obligation. Keep copies forever."}]} {"id":"nj_inheritance_tax_classify_beneficiaries","title":"Classify Beneficiaries for NJ Inheritance Tax","description":"Classify each beneficiary according to NJ inheritance tax classes. Class A (spouse, children, parents, grandparents) = FULLY EXEMPT. Class C (siblings, sons/daughters-in-law) = $25,000 exemption then tiered tax. Class D (all others) = no exemption, 15-16% tax. Class E (charities) = exempt.","estimatedTime":"2-4 hours","category":"probate","trackCompatibility":["PROBATE","TRUST"],"applicability":{"states":["NJ"]},"tags":["tax","statutory"],"isAttorneyReviewNode":true,"attorneyReviewReason":"Tax Classification: Incorrect beneficiary classification can result in underpayment penalties or overpayment of tax.","alerts":[{"type":"important","message":"CLASS A EXEMPTION: Spouses, children (including adopted and stepchildren), parents, and grandparents are FULLY EXEMPT from NJ inheritance tax. No return required if ALL beneficiaries are Class A."},{"type":"info","message":"Class C: Siblings, sons/daughters-in-law receive $25,000 exemption per person, then 11-15% tiered tax. Class D: All others pay 15-16% with no exemption."}],"dependencies":["complete_inventory"],"outputs":["Beneficiary Classification Worksheet","Tax Liability Estimate"],"links":[{"label":"NJ Inheritance Tax Beneficiary Classes","url":"https://www.nj.gov/treasury/taxation/inheritance.shtml"}]} {"id":"nj_inheritance_tax_determine_residency","title":"Determine Decedent's Domicile for Tax Purposes","description":"Determine if the decedent was a NJ resident or non-resident. This determines which form to file: IT-R (Resident) for NJ domiciled decedents, or IT-NR (Non-Resident) for non-residents with NJ assets.","estimatedTime":"1-2 hours","category":"probate","trackCompatibility":["PROBATE","TRUST"],"applicability":{"states":["NJ"]},"tags":["tax","statutory"],"alerts":[{"type":"info","message":"RESIDENT vs NON-RESIDENT: IT-R covers ALL assets worldwide for NJ residents. IT-NR covers only NJ-situs assets (NJ real estate, tangible personal property in NJ)."},{"type":"important","message":"Domicile Test: NJ considers factors like voting registration, driver's license, primary residence, and where you file state income taxes to determine domicile."}],"dependencies":["nj_inheritance_tax_classify_beneficiaries"],"formNames":["Form IT-R (Resident Decedent)","Form IT-NR (Non-Resident Decedent)"]} {"id":"nj_inheritance_tax_return","title":"File NJ Inheritance Tax Return","description":"File Form IT-R (resident decedent) or IT-NR (non-resident decedent) within 8 months of death. Even if all beneficiaries are Class A (exempt), filing may still be required to obtain waivers for real estate transfers.","estimatedTime":"4-8 hours","category":"probate","trackCompatibility":["PROBATE","TRUST"],"applicability":{"states":["NJ"]},"tags":["tax","statutory"],"deadlineWarningId":"NJ_INHERITANCE_TAX_DUE","requiredDocs":["Form IT-R or IT-NR","Death Certificate","Will","Asset Inventory","Appraisals","Beneficiary Classification Worksheet"],"alerts":[{"type":"important","message":"8-MONTH DEADLINE: NJ inheritance tax return is due 8 months after death. Late filing incurs interest and penalties."},{"type":"info","message":"CLASS A SHORTCUT: If ALL beneficiaries are Class A (spouse, children, parents), you may file a simplified return or in some cases no return is needed. Consult the NJ Division of Taxation."}],"dependencies":["nj_inheritance_tax_determine_residency"],"formNames":["Form IT-R (Resident)","Form IT-NR (Non-Resident)"],"links":[{"label":"NJ Inheritance Tax Forms","url":"https://www.nj.gov/treasury/taxation/inheritance_forms.shtml"}]} {"id":"nj_inheritance_tax_payment","title":"Pay NJ Inheritance Tax (If Due)","description":"If inheritance tax is owed (non-Class A beneficiaries), remit payment with the return or request a payment plan. Tax is due 8 months after death regardless of when the estate closes.","estimatedTime":"1-2 hours","category":"probate","trackCompatibility":["PROBATE","TRUST"],"applicability":{"states":["NJ"]},"tags":["tax","statutory"],"isConditional":true,"conditionalRequirementLabel":"Required if inheritance tax is due (non-Class A beneficiaries)","alerts":[{"type":"warning","message":"PERSONAL LIABILITY: The executor may be personally liable for unpaid inheritance tax if distributions are made before tax is paid."},{"type":"info","message":"Tax rates: Class C (siblings, nieces/nephews): 11-15% tiered. Class D (others): 15-16% flat rate."}],"dependencies":["nj_inheritance_tax_return"]} {"id":"nj_inheritance_tax_waiver","title":"Obtain NJ Inheritance Tax Waiver (Tax Clearance)","description":"Request tax waivers (Form C9700) from the NJ Division of Taxation. Waivers are REQUIRED to transfer NJ real estate and certain financial accounts. Class A beneficiaries (spouse, children, parents) receive waivers shortly after filing the return ΓÇö no tax payment required. Class C and D beneficiaries must pay tax before waivers are issued.","estimatedTime":"2-12 weeks (Class A: 2-4 weeks; Class C/D: after tax payment)","category":"probate","trackCompatibility":["PROBATE","TRUST"],"applicability":{"states":["NJ"]},"tags":["tax","statutory"],"isConditional":true,"conditionalRequirementLabel":"REQUIRED for ALL NJ real estate transfers and most financial account transfers","requiredDocs":["Filed Inheritance Tax Return","Tax Payment Proof (Class C/D only)","Waiver Request Form C9700"],"alerts":[{"type":"important","message":"DISTRIBUTION BLOCKER: You CANNOT record a deed transferring NJ real property without an Inheritance Tax Waiver. Title companies and county recorders require this clearance."},{"type":"info","message":"CLASS A FAST-TRACK: Waivers for Class A beneficiaries (spouse, children, parents) are issued after the return is filed ΓÇö tax payment is NOT required. Class C/D waivers require tax payment first."}],"dependencies":["nj_inheritance_tax_return"],"formNames":["Tax Waiver Request (Form C9700)"],"links":[{"label":"NJ Tax Waiver Information","url":"https://www.nj.gov/treasury/taxation/inheritance_waiver.shtml"}]} {"id":"nj_distribution_block_until_clearance","title":"HOLD: Do Not Distribute to Class C/D Beneficiaries Until Waiver Received","description":"NJ requires tax clearance before distributing assets to non-exempt (Class C or D) beneficiaries. Do not transfer real estate or make final distributions to Class C/D beneficiaries until the Inheritance Tax Waiver (Form C9700) is received from the NJ Division of Taxation. Class A distributions (spouse, children, parents) may proceed after the return is filed.","estimatedTime":"Ongoing until waiver received","category":"probate","trackCompatibility":["PROBATE","TRUST"],"applicability":{"states":["NJ"]},"tags":["risk-guardrail","statutory"],"isLongHorizon":true,"isConditional":true,"conditionalRequirementLabel":"Required if estate has Class C or D beneficiaries","isAttorneyReviewNode":true,"attorneyReviewReason":"Fiduciary Liability: Distributing to Class C/D beneficiaries before receiving the Inheritance Tax Waiver creates direct personal liability for unpaid tax.","alerts":[{"type":"caution","message":"DISTRIBUTION HOLD ΓÇö CLASS C/D ONLY: Do NOT make final distributions to Class C or D beneficiaries until you have the NJ Inheritance Tax Waiver (Form C9700) in hand."},{"type":"info","message":"CLASS A EXCEPTION: Distributions to Class A beneficiaries (spouse, children, parents, grandparents) can proceed after the inheritance tax return is filed. They do NOT need to wait for the waiver."}],"dependencies":["nj_inheritance_tax_waiver","nj_inheritance_tax_payment"]} {"id":"close_estate","title":"Close Estate","description":"File final discharge and close estate bank account.","estimatedTime":"1-2 weeks","requiredDocs":["Petition for Final Discharge"],"dependencies":["file_final_accounting"],"alerts":[{"type":"important","message":"Congratulations! You've completed one of life's most difficult responsibilities."}]}

 Γ¥» src/tests/roadmap/nj_roadmap_compliance.test.ts:72:26
     70|         const text = roadmap.flatMap(p => p.tasks).map(t => JSON.strinΓÇª
     71| 
     72|         expect(text).not.toContain("varies by state");
       |                          ^
     73|         expect(text).not.toContain("jurisdiction");
     74|     });

ΓÄ»ΓÄ»ΓÄ»ΓÄ»ΓÄ»ΓÄ»ΓÄ»ΓÄ»ΓÄ»ΓÄ»ΓÄ»ΓÄ»ΓÄ»ΓÄ»ΓÄ»ΓÄ»ΓÄ»ΓÄ»ΓÄ»ΓÄ»ΓÄ»ΓÄ»ΓÄ»ΓÄ»[1/1]ΓÄ»


[2m Test Files [22m [1m[31m1 failed[39m[22m[90m (1)[39m
[2m      Tests [22m [1m[31m1 failed[39m[22m[2m | [22m[1m[32m10 passed[39m[22m[90m (11)[39m
[2m   Start at [22m 21:04:29
[2m   Duration [22m 1.40s[2m (transform 123ms, setup 262ms, collect 129ms, tests 30ms, environment 596ms, prepare 110ms)[22m

[1m[7m[35m HTML [39m[27m[22m [35mReport is generated[39m
[2m       You can run [22m[1mnpx vite preview --outDir test-results[22m[2m to see the test results.[22m
