server/services/authorityChangeService.ts(195,24): error TS2339: Property 'hasTODDeed' does not exist on type 'AuthorityRecommendationEstate'.
server/services/roadmapService.ts(763,15): error TS2339: Property 'deceasedState' does not exist on type '{ id: string; deceasedState: string; hasWill: boolean; estimatedPersonalProperty: Decimal; estimatedRealProperty: Decimal; internationalReasons: string[]; hasMinorBeneficiaries: boolean; ... 10 more ...; liabilities: { ...; }[]; } | { ...; }'.
  Property 'deceasedState' does not exist on type '{ heirs: { name: string; id: string; email: string; createdAt: Date; updatedAt: Date; address: string; userId: string; estateId: string; relationship: string; isAdult: boolean; phone: string; }[]; assets: { ...; }[]; liabilities: { ...; }[]; }'.
server/services/roadmapService.ts(768,54): error TS2339: Property 'deceasedState' does not exist on type '{ id: string; deceasedState: string; hasWill: boolean; estimatedPersonalProperty: Decimal; estimatedRealProperty: Decimal; internationalReasons: string[]; hasMinorBeneficiaries: boolean; ... 10 more ...; liabilities: { ...; }[]; } | { ...; }'.
  Property 'deceasedState' does not exist on type '{ heirs: { name: string; id: string; email: string; createdAt: Date; updatedAt: Date; address: string; userId: string; estateId: string; relationship: string; isAdult: boolean; phone: string; }[]; assets: { ...; }[]; liabilities: { ...; }[]; }'.
server/services/roadmapService.ts(774,61): error TS2365: Operator '+' cannot be applied to types '{ id: string; createdAt: Date; updatedAt: Date; userId: string; contactPerson: string; estateId: string; status: string; notes: string; authorityType: string; institution: string; assetType: string; ... 21 more ...; todDeedRecorded: boolean; }' and 'number'.
server/services/roadmapService.ts(774,91): error TS2345: Argument of type 'number' is not assignable to parameter of type '{ id: string; createdAt: Date; updatedAt: Date; userId: string; contactPerson: string; estateId: string; status: string; notes: string; authorityType: string; institution: string; assetType: string; ... 21 more ...; todDeedRecorded: boolean; }'.
server/services/roadmapService.ts(775,65): error TS2365: Operator '+' cannot be applied to types '{ name: string; id: string; state: string; createdAt: Date; updatedAt: Date; address: string; city: string; zip: string; country: string; estateId: string; status: string; notes: string; ... 10 more ...; priorityClass: string; }' and 'number'.
server/services/roadmapService.ts(775,96): error TS2345: Argument of type 'number' is not assignable to parameter of type '{ name: string; id: string; state: string; createdAt: Date; updatedAt: Date; address: string; city: string; zip: string; country: string; estateId: string; status: string; notes: string; ... 10 more ...; priorityClass: string; }'.
server/services/roadmapService.ts(776,25): error TS2365: Operator '>' cannot be applied to types '{ id: string; amount: Decimal; }' and 'number'.
server/services/roadmapService.ts(776,43): error TS2362: The left-hand side of an arithmetic operation must be of type 'any', 'number', 'bigint' or an enum type.
server/services/roadmapService.ts(776,57): error TS2363: The right-hand side of an arithmetic operation must be of type 'any', 'number', 'bigint' or an enum type.
server/services/roadmapService.ts(780,43): error TS2339: Property 'estimatedPersonalProperty' does not exist on type '{ id: string; deceasedState: string; hasWill: boolean; estimatedPersonalProperty: Decimal; estimatedRealProperty: Decimal; internationalReasons: string[]; hasMinorBeneficiaries: boolean; ... 10 more ...; liabilities: { ...; }[]; } | { ...; }'.
  Property 'estimatedPersonalProperty' does not exist on type '{ heirs: { name: string; id: string; email: string; createdAt: Date; updatedAt: Date; address: string; userId: string; estateId: string; relationship: string; isAdult: boolean; phone: string; }[]; assets: { ...; }[]; liabilities: { ...; }[]; }'.
server/services/roadmapService.ts(781,39): error TS2339: Property 'estimatedRealProperty' does not exist on type '{ id: string; deceasedState: string; hasWill: boolean; estimatedPersonalProperty: Decimal; estimatedRealProperty: Decimal; internationalReasons: string[]; hasMinorBeneficiaries: boolean; ... 10 more ...; liabilities: { ...; }[]; } | { ...; }'.
  Property 'estimatedRealProperty' does not exist on type '{ heirs: { name: string; id: string; email: string; createdAt: Date; updatedAt: Date; address: string; userId: string; estateId: string; relationship: string; isAdult: boolean; phone: string; }[]; assets: { ...; }[]; liabilities: { ...; }[]; }'.
server/services/roadmapService.ts(787,70): error TS2339: Property 'deceasedState' does not exist on type '{ id: string; deceasedState: string; hasWill: boolean; estimatedPersonalProperty: Decimal; estimatedRealProperty: Decimal; internationalReasons: string[]; hasMinorBeneficiaries: boolean; ... 10 more ...; liabilities: { ...; }[]; } | { ...; }'.
  Property 'deceasedState' does not exist on type '{ heirs: { name: string; id: string; email: string; createdAt: Date; updatedAt: Date; address: string; userId: string; estateId: string; relationship: string; isAdult: boolean; phone: string; }[]; assets: { ...; }[]; liabilities: { ...; }[]; }'.
server/services/roadmapService.ts(788,21): error TS2339: Property 'hasWill' does not exist on type '{ id: string; deceasedState: string; hasWill: boolean; estimatedPersonalProperty: Decimal; estimatedRealProperty: Decimal; internationalReasons: string[]; hasMinorBeneficiaries: boolean; ... 10 more ...; liabilities: { ...; }[]; } | { ...; }'.
  Property 'hasWill' does not exist on type '{ heirs: { name: string; id: string; email: string; createdAt: Date; updatedAt: Date; address: string; userId: string; estateId: string; relationship: string; isAdult: boolean; phone: string; }[]; assets: { ...; }[]; liabilities: { ...; }[]; }'.
server/services/roadmapService.ts(790,30): error TS2339: Property 'isTrustRevocable' does not exist on type '{ id: string; deceasedState: string; hasWill: boolean; estimatedPersonalProperty: Decimal; estimatedRealProperty: Decimal; internationalReasons: string[]; hasMinorBeneficiaries: boolean; ... 10 more ...; liabilities: { ...; }[]; } | { ...; }'.
  Property 'isTrustRevocable' does not exist on type '{ heirs: { name: string; id: string; email: string; createdAt: Date; updatedAt: Date; address: string; userId: string; estateId: string; relationship: string; isAdult: boolean; phone: string; }[]; assets: { ...; }[]; liabilities: { ...; }[]; }'.
server/services/roadmapService.ts(791,26): error TS2339: Property 'isOutOfState' does not exist on type '{ id: string; deceasedState: string; hasWill: boolean; estimatedPersonalProperty: Decimal; estimatedRealProperty: Decimal; internationalReasons: string[]; hasMinorBeneficiaries: boolean; ... 10 more ...; liabilities: { ...; }[]; } | { ...; }'.
  Property 'isOutOfState' does not exist on type '{ heirs: { name: string; id: string; email: string; createdAt: Date; updatedAt: Date; address: string; userId: string; estateId: string; relationship: string; isAdult: boolean; phone: string; }[]; assets: { ...; }[]; liabilities: { ...; }[]; }'.
server/services/roadmapService.ts(793,22): error TS2339: Property 'isSurvivingSpouse' does not exist on type '{ id: string; deceasedState: string; hasWill: boolean; estimatedPersonalProperty: Decimal; estimatedRealProperty: Decimal; internationalReasons: string[]; hasMinorBeneficiaries: boolean; ... 10 more ...; liabilities: { ...; }[]; } | { ...; }'.
  Property 'isSurvivingSpouse' does not exist on type '{ heirs: { name: string; id: string; email: string; createdAt: Date; updatedAt: Date; address: string; userId: string; estateId: string; relationship: string; isAdult: boolean; phone: string; }[]; assets: { ...; }[]; liabilities: { ...; }[]; }'.
server/services/roadmapService.ts(794,23): error TS2339: Property 'hasMinorBeneficiaries' does not exist on type '{ id: string; deceasedState: string; hasWill: boolean; estimatedPersonalProperty: Decimal; estimatedRealProperty: Decimal; internationalReasons: string[]; hasMinorBeneficiaries: boolean; ... 10 more ...; liabilities: { ...; }[]; } | { ...; }'.
  Property 'hasMinorBeneficiaries' does not exist on type '{ heirs: { name: string; id: string; email: string; createdAt: Date; updatedAt: Date; address: string; userId: string; estateId: string; relationship: string; isAdult: boolean; phone: string; }[]; assets: { ...; }[]; liabilities: { ...; }[]; }'.
server/services/roadmapService.ts(795,24): error TS2339: Property 'hasContest' does not exist on type '{ id: string; deceasedState: string; hasWill: boolean; estimatedPersonalProperty: Decimal; estimatedRealProperty: Decimal; internationalReasons: string[]; hasMinorBeneficiaries: boolean; ... 10 more ...; liabilities: { ...; }[]; } | { ...; }'.
  Property 'hasContest' does not exist on type '{ heirs: { name: string; id: string; email: string; createdAt: Date; updatedAt: Date; address: string; userId: string; estateId: string; relationship: string; isAdult: boolean; phone: string; }[]; assets: { ...; }[]; liabilities: { ...; }[]; }'.
server/services/roadmapService.ts(796,24): error TS2339: Property 'hasTODDeed' does not exist on type '{ id: string; deceasedState: string; hasWill: boolean; estimatedPersonalProperty: Decimal; estimatedRealProperty: Decimal; internationalReasons: string[]; hasMinorBeneficiaries: boolean; ... 10 more ...; liabilities: { ...; }[]; } | { ...; }'.
  Property 'hasTODDeed' does not exist on type '{ heirs: { name: string; id: string; email: string; createdAt: Date; updatedAt: Date; address: string; userId: string; estateId: string; relationship: string; isAdult: boolean; phone: string; }[]; assets: { ...; }[]; liabilities: { ...; }[]; }'.
server/services/roadmapService.ts(810,28): error TS2339: Property 'deceasedState' does not exist on type '{ id: string; deceasedState: string; hasWill: boolean; estimatedPersonalProperty: Decimal; estimatedRealProperty: Decimal; internationalReasons: string[]; hasMinorBeneficiaries: boolean; ... 10 more ...; liabilities: { ...; }[]; } | { ...; }'.
  Property 'deceasedState' does not exist on type '{ heirs: { name: string; id: string; email: string; createdAt: Date; updatedAt: Date; address: string; userId: string; estateId: string; relationship: string; isAdult: boolean; phone: string; }[]; assets: { ...; }[]; liabilities: { ...; }[]; }'.
server/services/roadmapService.ts(843,16): error TS2339: Property 'id' does not exist on type '{ id: string; deceasedState: string; hasWill: boolean; estimatedPersonalProperty: Decimal; estimatedRealProperty: Decimal; internationalReasons: string[]; hasMinorBeneficiaries: boolean; ... 10 more ...; liabilities: { ...; }[]; } | { ...; }'.
  Property 'id' does not exist on type '{ heirs: { name: string; id: string; email: string; createdAt: Date; updatedAt: Date; address: string; userId: string; estateId: string; relationship: string; isAdult: boolean; phone: string; }[]; assets: { ...; }[]; liabilities: { ...; }[]; }'.
server/services/roadmapService.ts(846,32): error TS2339: Property 'hasPrimaryResidence' does not exist on type '{ id: string; deceasedState: string; hasWill: boolean; estimatedPersonalProperty: Decimal; estimatedRealProperty: Decimal; internationalReasons: string[]; hasMinorBeneficiaries: boolean; ... 10 more ...; liabilities: { ...; }[]; } | { ...; }'.
  Property 'hasPrimaryResidence' does not exist on type '{ heirs: { name: string; id: string; email: string; createdAt: Date; updatedAt: Date; address: string; userId: string; estateId: string; relationship: string; isAdult: boolean; phone: string; }[]; assets: { ...; }[]; liabilities: { ...; }[]; }'.
server/services/roadmapService.ts(848,19): error TS2339: Property 'deceasedState' does not exist on type '{ id: string; deceasedState: string; hasWill: boolean; estimatedPersonalProperty: Decimal; estimatedRealProperty: Decimal; internationalReasons: string[]; hasMinorBeneficiaries: boolean; ... 10 more ...; liabilities: { ...; }[]; } | { ...; }'.
  Property 'deceasedState' does not exist on type '{ heirs: { name: string; id: string; email: string; createdAt: Date; updatedAt: Date; address: string; userId: string; estateId: string; relationship: string; isAdult: boolean; phone: string; }[]; assets: { ...; }[]; liabilities: { ...; }[]; }'.
server/services/roadmapService.ts(850,5): error TS2322: Type '{ id: string; amount: Decimal; }' is not assignable to type 'number'.
server/services/roadmapService.ts(857,21): error TS2339: Property 'hasWill' does not exist on type '{ id: string; deceasedState: string; hasWill: boolean; estimatedPersonalProperty: Decimal; estimatedRealProperty: Decimal; internationalReasons: string[]; hasMinorBeneficiaries: boolean; ... 10 more ...; liabilities: { ...; }[]; } | { ...; }'.
  Property 'hasWill' does not exist on type '{ heirs: { name: string; id: string; email: string; createdAt: Date; updatedAt: Date; address: string; userId: string; estateId: string; relationship: string; isAdult: boolean; phone: string; }[]; assets: { ...; }[]; liabilities: { ...; }[]; }'.
server/services/roadmapService.ts(858,29): error TS2339: Property 'hasUnknownHeirs' does not exist on type '{ id: string; deceasedState: string; hasWill: boolean; estimatedPersonalProperty: Decimal; estimatedRealProperty: Decimal; internationalReasons: string[]; hasMinorBeneficiaries: boolean; ... 10 more ...; liabilities: { ...; }[]; } | { ...; }'.
  Property 'hasUnknownHeirs' does not exist on type '{ heirs: { name: string; id: string; email: string; createdAt: Date; updatedAt: Date; address: string; userId: string; estateId: string; relationship: string; isAdult: boolean; phone: string; }[]; assets: { ...; }[]; liabilities: { ...; }[]; }'.
server/services/roadmapService.ts(859,37): error TS2339: Property 'internationalReasons' does not exist on type '{ id: string; deceasedState: string; hasWill: boolean; estimatedPersonalProperty: Decimal; estimatedRealProperty: Decimal; internationalReasons: string[]; hasMinorBeneficiaries: boolean; ... 10 more ...; liabilities: { ...; }[]; } | { ...; }'.
  Property 'internationalReasons' does not exist on type '{ heirs: { name: string; id: string; email: string; createdAt: Date; updatedAt: Date; address: string; userId: string; estateId: string; relationship: string; isAdult: boolean; phone: string; }[]; assets: { ...; }[]; liabilities: { ...; }[]; }'.
server/services/roadmapService.ts(859,101): error TS2339: Property 'internationalReasons' does not exist on type '{ id: string; deceasedState: string; hasWill: boolean; estimatedPersonalProperty: Decimal; estimatedRealProperty: Decimal; internationalReasons: string[]; hasMinorBeneficiaries: boolean; ... 10 more ...; liabilities: { ...; }[]; } | { ...; }'.
  Property 'internationalReasons' does not exist on type '{ heirs: { name: string; id: string; email: string; createdAt: Date; updatedAt: Date; address: string; userId: string; estateId: string; relationship: string; isAdult: boolean; phone: string; }[]; assets: { ...; }[]; liabilities: { ...; }[]; }'.
server/services/roadmapService.ts(860,38): error TS2339: Property 'internationalReasons' does not exist on type '{ id: string; deceasedState: string; hasWill: boolean; estimatedPersonalProperty: Decimal; estimatedRealProperty: Decimal; internationalReasons: string[]; hasMinorBeneficiaries: boolean; ... 10 more ...; liabilities: { ...; }[]; } | { ...; }'.
  Property 'internationalReasons' does not exist on type '{ heirs: { name: string; id: string; email: string; createdAt: Date; updatedAt: Date; address: string; userId: string; estateId: string; relationship: string; isAdult: boolean; phone: string; }[]; assets: { ...; }[]; liabilities: { ...; }[]; }'.
